Test run for d:\Repos\MudFeishu\Tests\Mud.Feishu.WebSocket.Tests\bin\Debug\net8.0\Mud.Feishu.WebSocket.Tests.dll (.NETCoreApp,Version=v8.0)
Test run for d:\Repos\MudFeishu\Tests\Mud.Feishu.WebSocket.Tests\bin\Debug\net10.0\Mud.Feishu.WebSocket.Tests.dll (.NETCoreApp,Version=v10.0)
Test run for d:\Repos\MudFeishu\Tests\Mud.Feishu.Redis.Tests\bin\Debug\net6.0\Mud.Feishu.Redis.Tests.dll (.NETCoreApp,Version=v6.0)
Test run for d:\Repos\MudFeishu\Tests\Mud.Feishu.Webhook.Tests\bin\Debug\net6.0\Mud.Feishu.Webhook.Tests.dll (.NETCoreApp,Version=v6.0)
Test run for d:\Repos\MudFeishu\Tests\Mud.Feishu.WebSocket.Tests\bin\Debug\net6.0\Mud.Feishu.WebSocket.Tests.dll (.NETCoreApp,Version=v6.0)
VSTest version 18.0.1 (x64)

Test run for d:\Repos\MudFeishu\Tests\Mud.Feishu.Abstractions.Tests\bin\Debug\net8.0\Mud.Feishu.Abstractions.Tests.dll (.NETCoreApp,Version=v8.0)
VSTest version 18.0.1 (x64)
Test run for d:\Repos\MudFeishu\Tests\Mud.Feishu.Abstractions.Tests\bin\Debug\net6.0\Mud.Feishu.Abstractions.Tests.dll (.NETCoreApp,Version=v6.0)

VSTest version 18.0.1 (x64)
VSTest version 18.0.1 (x64)


Test run for d:\Repos\MudFeishu\Tests\Mud.Feishu.Abstractions.Tests\bin\Debug\net10.0\Mud.Feishu.Abstractions.Tests.dll (.NETCoreApp,Version=v10.0)
Test run for d:\Repos\MudFeishu\Tests\Mud.Feishu.Redis.Tests\bin\Debug\net10.0\Mud.Feishu.Redis.Tests.dll (.NETCoreApp,Version=v10.0)
Test run for d:\Repos\MudFeishu\Tests\Mud.Feishu.Redis.Tests\bin\Debug\net8.0\Mud.Feishu.Redis.Tests.dll (.NETCoreApp,Version=v8.0)
VSTest version 18.0.1 (x64)

VSTest version 18.0.1 (x64)

Starting test execution, please wait...
VSTest version 18.0.1 (x64)

VSTest version 18.0.1 (x64)

VSTest version 18.0.1 (x64)

A total of 1 test files matched the specified pattern.
VSTest version 18.0.1 (x64)

Starting test execution, please wait...
Starting test execution, please wait...
Starting test execution, please wait...
A total of 1 test files matched the specified pattern.
A total of 1 test files matched the specified pattern.
Starting test execution, please wait...
Starting test execution, please wait...
A total of 1 test files matched the specified pattern.
A total of 1 test files matched the specified pattern.
Starting test execution, please wait...
Test run for d:\Repos\MudFeishu\Tests\Mud.Feishu.Webhook.Tests\bin\Debug\net8.0\Mud.Feishu.Webhook.Tests.dll (.NETCoreApp,Version=v8.0)
Starting test execution, please wait...
Starting test execution, please wait...
Starting test execution, please wait...
Test run for d:\Repos\MudFeishu\Tests\Mud.Feishu.Webhook.Tests\bin\Debug\net10.0\Mud.Feishu.Webhook.Tests.dll (.NETCoreApp,Version=v10.0)
A total of 1 test files matched the specified pattern.
A total of 1 test files matched the specified pattern.
VSTest version 18.0.1 (x64)

VSTest version 18.0.1 (x64)

A total of 1 test files matched the specified pattern.
Starting test execution, please wait...
Starting test execution, please wait...
A total of 1 test files matched the specified pattern.
A total of 1 test files matched the specified pattern.
A total of 1 test files matched the specified pattern.
A total of 1 test files matched the specified pattern.
[xUnit.net 00:00:00.70]     Mud.Feishu.Webhook.Tests.Services.FeishuEventValidatorTests.ValidateSignatureAsync_WhenSignatureIsValid_ShouldReturnTrue [SKIP]
  Skipped Mud.Feishu.Webhook.Tests.Services.FeishuEventValidatorTests.ValidateSignatureAsync_WhenSignatureIsValid_ShouldReturnTrue [1 ms]
[xUnit.net 00:00:00.75]     Mud.Feishu.Redis.Tests.Services.RedisFeishuSeqIDDeduplicatorTests.TryMarkAsProcessed_WhenRedisConnectionFails_ShouldThrowInvalidOperationException [FAIL]
[xUnit.net 00:00:00.76]     Mud.Feishu.Redis.Tests.Services.RedisFeishuSeqIDDeduplicatorTests.TryMarkAsProcessedAsync_WhenRedisConnectionFails_ShouldThrowInvalidOperationException [FAIL]
[xUnit.net 00:00:00.76]     Mud.Feishu.Redis.Tests.Services.RedisFeishuEventDistributedDeduplicatorWithFallbackTests.TryMarkAsProcessedAsync_WithRetry_ShouldRetryOnTimeout [FAIL]
[xUnit.net 00:00:00.91]     Mud.Feishu.Redis.Tests.Services.RedisFeishuSeqIDDeduplicatorTests.TryMarkAsProcessed_WhenRedisConnectionFails_ShouldThrowInvalidOperationException [FAIL]
  Failed Mud.Feishu.Redis.Tests.Services.RedisFeishuSeqIDDeduplicatorTests.TryMarkAsProcessed_WhenRedisConnectionFails_ShouldThrowInvalidOperationException [8 ms]
  Error Message:
   Assert.Throws() Failure: No exception was thrown
Expected: typeof(System.InvalidOperationException)
  Stack Trace:
     at Mud.Feishu.Redis.Tests.Services.RedisFeishuSeqIDDeduplicatorTests.TryMarkAsProcessed_WhenRedisConnectionFails_ShouldThrowInvalidOperationException() in d:\Repos\MudFeishu\Tests\Mud.Feishu.Redis.Tests\Services\RedisFeishuSeqIDDeduplicatorTests.cs:line 305
   at System.RuntimeMethodHandle.InvokeMethod(Object target, Void** arguments, Signature sig, Boolean isConstructor)
   at System.Reflection.MethodBaseInvoker.InvokeWithNoArgs(Object obj, BindingFlags invokeAttr)
  Failed Mud.Feishu.Redis.Tests.Services.RedisFeishuSeqIDDeduplicatorTests.TryMarkAsProcessedAsync_WhenRedisConnectionFails_ShouldThrowInvalidOperationException [7 ms]
  Error Message:
   Assert.Throws() Failure: No exception was thrown
Expected: typeof(System.InvalidOperationException)
  Stack Trace:
     at Mud.Feishu.Redis.Tests.Services.RedisFeishuSeqIDDeduplicatorTests.TryMarkAsProcessedAsync_WhenRedisConnectionFails_ShouldThrowInvalidOperationException() in d:\Repos\MudFeishu\Tests\Mud.Feishu.Redis.Tests\Services\RedisFeishuSeqIDDeduplicatorTests.cs:line 288
--- End of stack trace from previous location ---
  Failed Mud.Feishu.Redis.Tests.Services.RedisFeishuEventDistributedDeduplicatorWithFallbackTests.TryMarkAsProcessedAsync_WithRetry_ShouldRetryOnTimeout [12 ms]
  Error Message:
   Assert.False() Failure
Expected: False
Actual:   True
  Stack Trace:
     at Mud.Feishu.Redis.Tests.Services.RedisFeishuEventDistributedDeduplicatorWithFallbackTests.TryMarkAsProcessedAsync_WithRetry_ShouldRetryOnTimeout() in d:\Repos\MudFeishu\Tests\Mud.Feishu.Redis.Tests\Services\RedisFeishuEventDistributedDeduplicatorWithFallbackTests.cs:line 207
--- End of stack trace from previous location ---
[xUnit.net 00:00:00.91]     Mud.Feishu.Redis.Tests.Services.RedisFeishuEventDistributedDeduplicatorWithFallbackTests.TryMarkAsProcessedAsync_WhenRedisUnavailable_ShouldUseFallbackDirectly [FAIL]
  Failed Mud.Feishu.Redis.Tests.Services.RedisFeishuEventDistributedDeduplicatorWithFallbackTests.TryMarkAsProcessedAsync_WhenRedisUnavailable_ShouldUseFallbackDirectly [3 ms]
  Error Message:
   Assert.False() Failure
Expected: False
Actual:   True
  Stack Trace:
     at Mud.Feishu.Redis.Tests.Services.RedisFeishuEventDistributedDeduplicatorWithFallbackTests.TryMarkAsProcessedAsync_WhenRedisUnavailable_ShouldUseFallbackDirectly() in d:\Repos\MudFeishu\Tests\Mud.Feishu.Redis.Tests\Services\RedisFeishuEventDistributedDeduplicatorWithFallbackTests.cs:line 245
--- End of stack trace from previous location ---
[xUnit.net 00:00:00.92]     Mud.Feishu.Redis.Tests.Services.RedisFeishuEventDistributedDeduplicatorWithFallbackTests.TryMarkAsProcessedAsync_WhenRedisFails_ShouldFallbackToMemory [FAIL]
[xUnit.net 00:00:00.92]     Mud.Feishu.Redis.Tests.Services.RedisFeishuSeqIDDeduplicatorTests.TryMarkAsProcessedAsync_WhenFirstSeqId_ShouldReturnFalse [FAIL]
[xUnit.net 00:00:00.92]     Mud.Feishu.Redis.Tests.Services.RedisFeishuEventDistributedDeduplicatorTests.TryMarkAsProcessedAsync_WhenRedisFails_ShouldReturnFalse [FAIL]
  Failed Mud.Feishu.Redis.Tests.Services.RedisFeishuEventDistributedDeduplicatorWithFallbackTests.TryMarkAsProcessedAsync_WhenRedisFails_ShouldFallbackToMemory [2 ms]
  Error Message:
   Assert.False() Failure
Expected: False
Actual:   True
  Stack Trace:
     at Mud.Feishu.Redis.Tests.Services.RedisFeishuEventDistributedDeduplicatorWithFallbackTests.TryMarkAsProcessedAsync_WhenRedisFails_ShouldFallbackToMemory() in d:\Repos\MudFeishu\Tests\Mud.Feishu.Redis.Tests\Services\RedisFeishuEventDistributedDeduplicatorWithFallbackTests.cs:line 70
--- End of stack trace from previous location ---
  Failed Mud.Feishu.Redis.Tests.Services.RedisFeishuSeqIDDeduplicatorTests.TryMarkAsProcessedAsync_WhenFirstSeqId_ShouldReturnFalse [1 ms]
  Error Message:
   Assert.False() Failure
Expected: False
Actual:   True
  Stack Trace:
     at Mud.Feishu.Redis.Tests.Services.RedisFeishuSeqIDDeduplicatorTests.TryMarkAsProcessedAsync_WhenFirstSeqId_ShouldReturnFalse() in d:\Repos\MudFeishu\Tests\Mud.Feishu.Redis.Tests\Services\RedisFeishuSeqIDDeduplicatorTests.cs:line 51
--- End of stack trace from previous location ---
  Failed Mud.Feishu.Redis.Tests.Services.RedisFeishuEventDistributedDeduplicatorTests.TryMarkAsProcessedAsync_WhenRedisFails_ShouldReturnFalse [4 ms]
  Error Message:
   Assert.Throws() Failure: No exception was thrown
Expected: typeof(System.InvalidOperationException)
  Stack Trace:
     at Mud.Feishu.Redis.Tests.Services.RedisFeishuEventDistributedDeduplicatorTests.TryMarkAsProcessedAsync_WhenRedisFails_ShouldReturnFalse() in d:\Repos\MudFeishu\Tests\Mud.Feishu.Redis.Tests\Services\RedisFeishuEventDistributedDeduplicatorTests.cs:line 89
--- End of stack trace from previous location ---
[xUnit.net 00:00:00.93]     Mud.Feishu.Redis.Tests.Services.RedisFeishuNonceDistributedDeduplicatorTests.TryMarkAsUsedAsync_WhenFirstNonce_ShouldReturnFalse [FAIL]
[xUnit.net 00:00:00.93]     Mud.Feishu.Redis.Tests.Services.RedisFeishuSeqIDDeduplicatorTests.TryMarkAsProcessed_WhenFirstSeqId_ShouldReturnFalse [FAIL]
  Failed Mud.Feishu.Redis.Tests.Services.RedisFeishuNonceDistributedDeduplicatorTests.TryMarkAsUsedAsync_WhenFirstNonce_ShouldReturnFalse [3 ms]
  Error Message:
   Assert.False() Failure
Expected: False
Actual:   True
  Stack Trace:
     at Mud.Feishu.Redis.Tests.Services.RedisFeishuNonceDistributedDeduplicatorTests.TryMarkAsUsedAsync_WhenFirstNonce_ShouldReturnFalse() in d:\Repos\MudFeishu\Tests\Mud.Feishu.Redis.Tests\Services\RedisFeishuNonceDistributedDeduplicatorTests.cs:line 48
--- End of stack trace from previous location ---
  Failed Mud.Feishu.Redis.Tests.Services.RedisFeishuSeqIDDeduplicatorTests.TryMarkAsProcessed_WhenFirstSeqId_ShouldReturnFalse [1 ms]
  Error Message:
   Assert.False() Failure
Expected: False
Actual:   True
  Stack Trace:
     at Mud.Feishu.Redis.Tests.Services.RedisFeishuSeqIDDeduplicatorTests.TryMarkAsProcessed_WhenFirstSeqId_ShouldReturnFalse() in d:\Repos\MudFeishu\Tests\Mud.Feishu.Redis.Tests\Services\RedisFeishuSeqIDDeduplicatorTests.cs:line 103
   at System.RuntimeMethodHandle.InvokeMethod(Object target, Void** arguments, Signature sig, Boolean isConstructor)
   at System.Reflection.MethodBaseInvoker.InvokeWithNoArgs(Object obj, BindingFlags invokeAttr)
[xUnit.net 00:00:00.93]     Mud.Feishu.Redis.Tests.Services.RedisFeishuEventDistributedDeduplicatorTests.TryMarkAsProcessedAsync_WithCustomTtl_ShouldUseCustomTtl [FAIL]
[xUnit.net 00:00:00.93]     Mud.Feishu.Redis.Tests.Services.RedisFeishuEventDistributedDeduplicatorTests.TryMarkAsProcessedAsync_WhenFirstEvent_ShouldReturnFalse [FAIL]
[xUnit.net 00:00:00.94]     Mud.Feishu.Redis.Tests.Services.RedisFeishuNonceDistributedDeduplicatorTests.TryMarkAsUsedAsync_WhenRedisTimeout_ShouldThrowInvalidOperationException [FAIL]
  Failed Mud.Feishu.Redis.Tests.Services.RedisFeishuSeqIDDeduplicatorTests.TryMarkAsProcessed_WhenRedisConnectionFails_ShouldThrowInvalidOperationException [63 ms]
  Error Message:
   Assert.Throws() Failure: No exception was thrown
Expected: typeof(System.InvalidOperationException)
  Stack Trace:
     at Mud.Feishu.Redis.Tests.Services.RedisFeishuSeqIDDeduplicatorTests.TryMarkAsProcessed_WhenRedisConnectionFails_ShouldThrowInvalidOperationException() in d:\Repos\MudFeishu\Tests\Mud.Feishu.Redis.Tests\Services\RedisFeishuSeqIDDeduplicatorTests.cs:line 305
[xUnit.net 00:00:00.97]     Mud.Feishu.Redis.Tests.Services.RedisFeishuSeqIDDeduplicatorTests.TryMarkAsProcessedAsync_WhenRedisConnectionFails_ShouldThrowInvalidOperationException [FAIL]
[xUnit.net 00:00:00.97]     Mud.Feishu.Redis.Tests.Services.RedisFeishuSeqIDDeduplicatorTests.TryMarkAsProcessedAsync_WhenFirstSeqId_ShouldReturnFalse [FAIL]
[xUnit.net 00:00:00.97]     Mud.Feishu.Redis.Tests.Services.RedisFeishuSeqIDDeduplicatorTests.TryMarkAsProcessed_WhenFirstSeqId_ShouldReturnFalse [FAIL]
  Failed Mud.Feishu.Redis.Tests.Services.RedisFeishuSeqIDDeduplicatorTests.TryMarkAsProcessedAsync_WhenRedisConnectionFails_ShouldThrowInvalidOperationException [3 ms]
  Error Message:
   Assert.Throws() Failure: No exception was thrown
Expected: typeof(System.InvalidOperationException)
  Stack Trace:
     at Mud.Feishu.Redis.Tests.Services.RedisFeishuSeqIDDeduplicatorTests.TryMarkAsProcessedAsync_WhenRedisConnectionFails_ShouldThrowInvalidOperationException() in d:\Repos\MudFeishu\Tests\Mud.Feishu.Redis.Tests\Services\RedisFeishuSeqIDDeduplicatorTests.cs:line 288
--- End of stack trace from previous location ---
  Failed Mud.Feishu.Redis.Tests.Services.RedisFeishuSeqIDDeduplicatorTests.TryMarkAsProcessedAsync_WhenFirstSeqId_ShouldReturnFalse [2 ms]
  Error Message:
   Assert.False() Failure
Expected: False
Actual:   True
  Stack Trace:
     at Mud.Feishu.Redis.Tests.Services.RedisFeishuSeqIDDeduplicatorTests.TryMarkAsProcessedAsync_WhenFirstSeqId_ShouldReturnFalse() in d:\Repos\MudFeishu\Tests\Mud.Feishu.Redis.Tests\Services\RedisFeishuSeqIDDeduplicatorTests.cs:line 51
--- End of stack trace from previous location ---
  Failed Mud.Feishu.Redis.Tests.Services.RedisFeishuSeqIDDeduplicatorTests.TryMarkAsProcessed_WhenFirstSeqId_ShouldReturnFalse [1 ms]
  Error Message:
   Assert.False() Failure
Expected: False
Actual:   True
  Stack Trace:
     at Mud.Feishu.Redis.Tests.Services.RedisFeishuSeqIDDeduplicatorTests.TryMarkAsProcessed_WhenFirstSeqId_ShouldReturnFalse() in d:\Repos\MudFeishu\Tests\Mud.Feishu.Redis.Tests\Services\RedisFeishuSeqIDDeduplicatorTests.cs:line 103
[xUnit.net 00:00:00.97]     Mud.Feishu.Redis.Tests.Services.RedisFeishuNonceDistributedDeduplicatorTests.TryMarkAsUsedAsync_WhenFirstNonce_ShouldReturnFalse [FAIL]
  Failed [xUnit.net 00:00:00.97]     Mud.Feishu.Redis.Tests.Services.RedisFeishuEventDistributedDeduplicatorTests.TryMarkAsProcessedAsync_WhenRedisFails_ShouldReturnFalse [FAIL]
Mud.Feishu.Redis.Tests.Services.RedisFeishuEventDistributedDeduplicatorTests.TryMarkAsProcessedAsync_WithCustomTtl_ShouldUseCustomTtl [8 ms]
  Error Message:[xUnit.net 00:00:00.97]     Mud.Feishu.Redis.Tests.Services.RedisFeishuEventDistributedDeduplicatorWithFallbackTests.TryMarkAsProcessedAsync_WithRetry_ShouldRetryOnTimeout [FAIL]

   Assert.False() Failure
Expected: False
Actual:   True
  Stack Trace:
     at Mud.Feishu.Redis.Tests.Services.RedisFeishuEventDistributedDeduplicatorTests.TryMarkAsProcessedAsync_WithCustomTtl_ShouldUseCustomTtl() in d:\Repos\MudFeishu\Tests\Mud.Feishu.Redis.Tests\Services\RedisFeishuEventDistributedDeduplicatorTests.cs:line 178
--- End of stack trace from previous location ---
  Failed Mud.Feishu.Redis.Tests.Services.RedisFeishuEventDistributedDeduplicatorTests.TryMarkAsProcessedAsync_WhenFirstEvent_ShouldReturnFalse [2 ms]
  Failed   Error Message:
   Assert.False() Failure
Expected: False
Actual:   True
  Stack Trace:
     at Mud.Feishu.Redis.Tests.Services.RedisFeishuEventDistributedDeduplicatorTests.TryMarkAsProcessedAsync_WhenFirstEvent_ShouldReturnFalse() in d:\Repos\MudFeishu\Tests\Mud.Feishu.Redis.Tests\Services\RedisFeishuEventDistributedDeduplicatorTests.cs:line 48
--- End of stack trace from previous location ---
  Failed Mud.Feishu.Redis.Tests.Services.RedisFeishuNonceDistributedDeduplicatorTests.TryMarkAsUsedAsync_WhenRedisTimeout_ShouldThrowInvalidOperationException [3 ms]
  Error Message:
   Assert.Throws() Failure: No exception was thrown
Expected: typeof(System.InvalidOperationException)
  Stack Trace:
     at Mud.Feishu.Redis.Tests.Services.RedisFeishuNonceDistributedDeduplicatorTests.TryMarkAsUsedAsync_WhenRedisTimeout_ShouldThrowInvalidOperationException() in d:\Repos\MudFeishu\Tests\Mud.Feishu.Redis.Tests\Services\RedisFeishuNonceDistributedDeduplicatorTests.cs:line 200
--- End of stack trace from previous location ---
[xUnit.net 00:00:00.99]     Mud.Feishu.Redis.Tests.Services.RedisFeishuNonceDistributedDeduplicatorTests.TryMarkAsUsedAsync_WithCustomTtl_ShouldUseCustomTtl [FAIL]
Mud.Feishu.Redis.Tests.Services.RedisFeishuNonceDistributedDeduplicatorTests.TryMarkAsUsedAsync_WhenFirstNonce_ShouldReturnFalse [45 ms]
  Error Message:
   Assert.False() Failure
Expected: False
Actual:   True
  Stack Trace:
     at Mud.Feishu.Redis.Tests.Services.RedisFeishuNonceDistributedDeduplicatorTests.TryMarkAsUsedAsync_WhenFirstNonce_ShouldReturnFalse() in d:\Repos\MudFeishu\Tests\Mud.Feishu.Redis.Tests\Services\RedisFeishuNonceDistributedDeduplicatorTests.cs:line 48
--- End of stack trace from previous location ---
  Failed Mud.Feishu.Redis.Tests.Services.RedisFeishuEventDistributedDeduplicatorTests.TryMarkAsProcessedAsync_WhenRedisFails_ShouldReturnFalse [87 ms]
  Error Message:
   Assert.Throws() Failure: No exception was thrown
Expected: typeof(System.InvalidOperationException)
  Stack Trace:
     at Mud.Feishu.Redis.Tests.Services.RedisFeishuEventDistributedDeduplicatorTests.TryMarkAsProcessedAsync_WhenRedisFails_ShouldReturnFalse() in d:\Repos\MudFeishu\Tests\Mud.Feishu.Redis.Tests\Services\RedisFeishuEventDistributedDeduplicatorTests.cs:line 89
--- End of stack trace from previous location ---
  Failed Mud.Feishu.Redis.Tests.Services.RedisFeishuEventDistributedDeduplicatorWithFallbackTests.TryMarkAsProcessedAsync_WithRetry_ShouldRetryOnTimeout [244 ms]
  Error Message:
   Assert.False() Failure
Expected: False
Actual:   True
  Stack Trace:
     at Mud.Feishu.Redis.Tests.Services.RedisFeishuEventDistributedDeduplicatorWithFallbackTests.TryMarkAsProcessedAsync_WithRetry_ShouldRetryOnTimeout() in d:\Repos\MudFeishu\Tests\Mud.Feishu.Redis.Tests\Services\RedisFeishuEventDistributedDeduplicatorWithFallbackTests.cs:line 207
--- End of stack trace from previous location ---
[xUnit.net 00:00:00.97]     Mud.Feishu.Redis.Tests.Services.RedisFeishuEventDistributedDeduplicatorWithFallbackTests.TryMarkAsProcessedAsync_WhenRedisUnavailable_ShouldUseFallbackDirectly [FAIL]
[xUnit.net 00:00:00.97]     Mud.Feishu.Redis.Tests.Services.RedisFeishuNonceDistributedDeduplicatorTests.TryMarkAsUsedAsync_WhenRedisTimeout_ShouldThrowInvalidOperationException [FAIL]
[xUnit.net 00:00:00.97]     Mud.Feishu.Redis.Tests.Services.RedisFeishuNonceDistributedDeduplicatorTests.TryMarkAsUsedAsync_WithCustomTtl_ShouldUseCustomTtl [FAIL]
[xUnit.net 00:00:00.97]     Mud.Feishu.Redis.Tests.Services.RedisFeishuEventDistributedDeduplicatorTests.TryMarkAsProcessedAsync_WithCustomTtl_ShouldUseCustomTtl [FAIL]
[xUnit.net 00:00:00.97]     Mud.Feishu.Redis.Tests.Services.RedisFeishuEventDistributedDeduplicatorWithFallbackTests.TryMarkAsProcessedAsync_WhenRedisFails_ShouldFallbackToMemory [FAIL]
  Failed Mud.Feishu.Redis.Tests.Services.RedisFeishuEventDistributedDeduplicatorWithFallbackTests.TryMarkAsProcessedAsync_WhenRedisUnavailable_ShouldUseFallbackDirectly [3 ms]
  Error Message:
   Assert.False() Failure
Expected: False
Actual:   True
  Stack Trace:
     at Mud.Feishu.Redis.Tests.Services.RedisFeishuEventDistributedDeduplicatorWithFallbackTests.TryMarkAsProcessedAsync_WhenRedisUnavailable_ShouldUseFallbackDirectly() in d:\Repos\MudFeishu\Tests\Mud.Feishu.Redis.Tests\Services\RedisFeishuEventDistributedDeduplicatorWithFallbackTests.cs:line 245
--- End of stack trace from previous location ---
  Failed Mud.Feishu.Redis.Tests.Services.RedisFeishuNonceDistributedDeduplicatorTests.TryMarkAsUsedAsync_WhenRedisTimeout_ShouldThrowInvalidOperationException [3 ms]
  Error Message:
   Assert.Throws() Failure: No exception was thrown
Expected: typeof(System.InvalidOperationException)
  Stack Trace:
     at Mud.Feishu.Redis.Tests.Services.RedisFeishuNonceDistributedDeduplicatorTests.TryMarkAsUsedAsync_WhenRedisTimeout_ShouldThrowInvalidOperationException() in d:\Repos\MudFeishu\Tests\Mud.Feishu.Redis.Tests\Services\RedisFeishuNonceDistributedDeduplicatorTests.cs:line 200
--- End of stack trace from previous location ---
  Failed Mud.Feishu.Redis.Tests.Services.RedisFeishuNonceDistributedDeduplicatorTests.TryMarkAsUsedAsync_WithCustomTtl_ShouldUseCustomTtl [7 ms]
  Error Message:
   Assert.False() Failure
Expected: False
Actual:   True
  Stack Trace:
     at Mud.Feishu.Redis.Tests.Services.RedisFeishuNonceDistributedDeduplicatorTests.TryMarkAsUsedAsync_WithCustomTtl_ShouldUseCustomTtl() in d:\Repos\MudFeishu\Tests\Mud.Feishu.Redis.Tests\Services\RedisFeishuNonceDistributedDeduplicatorTests.cs:line 108
--- End of stack trace from previous location ---
  Failed Mud.Feishu.Redis.Tests.Services.RedisFeishuEventDistributedDeduplicatorTests.TryMarkAsProcessedAsync_WithCustomTtl_ShouldUseCustomTtl [16 ms]
  Error Message:
   Assert.False() Failure
Expected: False
Actual:   True
  Stack Trace:
     at Mud.Feishu.Redis.Tests.Services.RedisFeishuEventDistributedDeduplicatorTests.TryMarkAsProcessedAsync_WithCustomTtl_ShouldUseCustomTtl() in d:\Repos\MudFeishu\Tests\Mud.Feishu.Redis.Tests\Services\RedisFeishuEventDistributedDeduplicatorTests.cs:line 178
--- End of stack trace from previous location ---
  Failed Mud.Feishu.Redis.Tests.Services.RedisFeishuEventDistributedDeduplicatorWithFallbackTests.TryMarkAsProcessedAsync_WhenRedisFails_ShouldFallbackToMemory [3 ms]
  Error Message:
   Assert.False() Failure
Expected: False
Actual:   True
  Stack Trace:
     at Mud.Feishu.Redis.Tests.Services.RedisFeishuEventDistributedDeduplicatorWithFallbackTests.TryMarkAsProcessedAsync_WhenRedisFails_ShouldFallbackToMemory() in d:\Repos\MudFeishu\Tests\Mud.Feishu.Redis.Tests\Services\RedisFeishuEventDistributedDeduplicatorWithFallbackTests.cs:line 70
--- End of stack trace from previous location ---
[xUnit.net 00:00:00.98]     Mud.Feishu.Redis.Tests.Services.RedisFeishuEventDistributedDeduplicatorTests.TryMarkAsProcessedAsync_WhenFirstEvent_ShouldReturnFalse [FAIL]
  Failed Mud.Feishu.Redis.Tests.Services.RedisFeishuEventDistributedDeduplicatorTests.TryMarkAsProcessedAsync_WhenFirstEvent_ShouldReturnFalse [3 ms]
  Error Message:
   Assert.False() Failure
Expected: False
Actual:   True
  Stack Trace:
     at Mud.Feishu.Redis.Tests.Services.RedisFeishuEventDistributedDeduplicatorTests.TryMarkAsProcessedAsync_WhenFirstEvent_ShouldReturnFalse() in d:\Repos\MudFeishu\Tests\Mud.Feishu.Redis.Tests\Services\RedisFeishuEventDistributedDeduplicatorTests.cs:line 48
--- End of stack trace from previous location ---
[xUnit.net 00:00:00.99]     Mud.Feishu.Redis.Tests.Services.RedisFeishuEventDistributedDeduplicatorWithFallbackTests.TryMarkAsProcessedAsync_WhenConsecutiveFailures_ShouldMarkRedisUnavailable [FAIL]
[xUnit.net 00:00:01.01]     Mud.Feishu.Redis.Tests.Services.RedisFeishuEventDistributedDeduplicatorWithFallbackTests.TryMarkAsProcessedAsync_WhenConsecutiveFailures_ShouldMarkRedisUnavailable [FAIL]
[xUnit.net 00:00:01.01]     Mud.Feishu.Redis.Tests.Services.RedisFeishuEventDistributedDeduplicatorWithFallbackTests.TryMarkAsProcessedAsync_WhenRedisAvailable_ShouldUseRedis [FAIL]
  Failed Mud.Feishu.Redis.Tests.Services.RedisFeishuNonceDistributedDeduplicatorTests.TryMarkAsUsedAsync_WithCustomTtl_ShouldUseCustomTtl [4 ms]
  Error Message:
   Assert.False() Failure
Expected: False
Actual:   True
  Stack Trace:
     at Mud.Feishu.Redis.Tests.Services.RedisFeishuNonceDistributedDeduplicatorTests.TryMarkAsUsedAsync_WithCustomTtl_ShouldUseCustomTtl() in d:\Repos\MudFeishu\Tests\Mud.Feishu.Redis.Tests\Services\RedisFeishuNonceDistributedDeduplicatorTests.cs:line 108
--- End of stack trace from previous location ---
  Failed Mud.Feishu.Redis.Tests.Services.RedisFeishuEventDistributedDeduplicatorWithFallbackTests.TryMarkAsProcessedAsync_WhenConsecutiveFailures_ShouldMarkRedisUnavailable [3 ms]
  Error Message:
   Assert.False() Failure
Expected: False
Actual:   True
  Stack Trace:
     at Mud.Feishu.Redis.Tests.Services.RedisFeishuEventDistributedDeduplicatorWithFallbackTests.TryMarkAsProcessedAsync_WhenConsecutiveFailures_ShouldMarkRedisUnavailable() in d:\Repos\MudFeishu\Tests\Mud.Feishu.Redis.Tests\Services\RedisFeishuEventDistributedDeduplicatorWithFallbackTests.cs:line 93
--- End of stack trace from previous location ---
  Failed Mud.Feishu.Redis.Tests.Services.RedisFeishuEventDistributedDeduplicatorWithFallbackTests.TryMarkAsProcessedAsync_WhenRedisAvailable_ShouldUseRedis [4 ms]
  Error Message:
   Assert.False() Failure
Expected: False
Actual:   True
  Stack Trace:
     at Mud.Feishu.Redis.Tests.Services.RedisFeishuEventDistributedDeduplicatorWithFallbackTests.TryMarkAsProcessedAsync_WhenRedisAvailable_ShouldUseRedis() in d:\Repos\MudFeishu\Tests\Mud.Feishu.Redis.Tests\Services\RedisFeishuEventDistributedDeduplicatorWithFallbackTests.cs:line 48
--- End of stack trace from previous location ---
[xUnit.net 00:00:01.02]     Mud.Feishu.Redis.Tests.Services.RedisFeishuNonceDistributedDeduplicatorTests.TryMarkAsUsedAsync_WhenRedisConnectionFails_ShouldThrowInvalidOperationException [FAIL]
[xUnit.net 00:00:01.02]     Mud.Feishu.Redis.Tests.Services.RedisFeishuNonceDistributedDeduplicatorTests.TryMarkAsUsedAsync_WhenRedisConnectionFails_ShouldThrowInvalidOperationException [FAIL]
[xUnit.net 00:00:01.03]     Mud.Feishu.Redis.Tests.Services.RedisFeishuEventDistributedDeduplicatorWithFallbackTests.TryMarkAsProcessedAsync_WhenRedisAvailable_ShouldUseRedis [FAIL]
  Failed Mud.Feishu.Redis.Tests.Services.RedisFeishuEventDistributedDeduplicatorWithFallbackTests.TryMarkAsProcessedAsync_WhenConsecutiveFailures_ShouldMarkRedisUnavailable [3 ms]
  Error Message:
   Assert.False() Failure
Expected: False
Actual:   True
  Stack Trace:
     at Mud.Feishu.Redis.Tests.Services.RedisFeishuEventDistributedDeduplicatorWithFallbackTests.TryMarkAsProcessedAsync_WhenConsecutiveFailures_ShouldMarkRedisUnavailable() in d:\Repos\MudFeishu\Tests\Mud.Feishu.Redis.Tests\Services\RedisFeishuEventDistributedDeduplicatorWithFallbackTests.cs:line 93
--- End of stack trace from previous location ---
  Failed Mud.Feishu.Redis.Tests.Services.RedisFeishuNonceDistributedDeduplicatorTests.TryMarkAsUsedAsync_WhenRedisConnectionFails_ShouldThrowInvalidOperationException [42 ms]
  Error Message:
   Assert.Throws() Failure: No exception was thrown
Expected: typeof(System.InvalidOperationException)
  Stack Trace:
     at Mud.Feishu.Redis.Tests.Services.RedisFeishuNonceDistributedDeduplicatorTests.TryMarkAsUsedAsync_WhenRedisConnectionFails_ShouldThrowInvalidOperationException() in d:\Repos\MudFeishu\Tests\Mud.Feishu.Redis.Tests\Services\RedisFeishuNonceDistributedDeduplicatorTests.cs:line 183
--- End of stack trace from previous location ---
  Failed Mud.Feishu.Redis.Tests.Services.RedisFeishuEventDistributedDeduplicatorWithFallbackTests.TryMarkAsProcessedAsync_WhenRedisAvailable_ShouldUseRedis [37 ms]
  Error Message:
   Assert.False() Failure
Expected: False
Actual:   True
  Stack Trace:
     at Mud.Feishu.Redis.Tests.Services.RedisFeishuEventDistributedDeduplicatorWithFallbackTests.TryMarkAsProcessedAsync_WhenRedisAvailable_ShouldUseRedis() in d:\Repos\MudFeishu\Tests\Mud.Feishu.Redis.Tests\Services\RedisFeishuEventDistributedDeduplicatorWithFallbackTests.cs:line 48
--- End of stack trace from previous location ---
  Failed Mud.Feishu.Redis.Tests.Services.RedisFeishuNonceDistributedDeduplicatorTests.TryMarkAsUsedAsync_WhenRedisConnectionFails_ShouldThrowInvalidOperationException [59 ms]
  Error Message:
   Assert.Throws() Failure: No exception was thrown
Expected: typeof(System.InvalidOperationException)
  Stack Trace:
     at Mud.Feishu.Redis.Tests.Services.RedisFeishuNonceDistributedDeduplicatorTests.TryMarkAsUsedAsync_WhenRedisConnectionFails_ShouldThrowInvalidOperationException() in d:\Repos\MudFeishu\Tests\Mud.Feishu.Redis.Tests\Services\RedisFeishuNonceDistributedDeduplicatorTests.cs:line 183
--- End of stack trace from previous location ---
[xUnit.net 00:00:00.95]     Mud.Feishu.Webhook.Tests.Services.FeishuEventValidatorTests.ValidateSignatureAsync_WhenSignatureIsValid_ShouldReturnTrue [SKIP]

  Skipped Mud.Feishu.Webhook.Tests.Services.FeishuEventValidatorTests.ValidateSignatureAsync_WhenSignatureIsValid_ShouldReturnTrue [1 ms]
Failed!  - Failed:    16, Passed:    35, Skipped:     0, Total:    51, Duration: 531 ms - Mud.Feishu.Redis.Tests.dll (net8.0)

Failed!  - Failed:    16, Passed:    35, Skipped:     0, Total:    51, Duration: 492 ms - Mud.Feishu.Redis.Tests.dll (net6.0)

Passed!  - Failed:     0, Passed:   225, Skipped:     0, Total:   225, Duration: 704 ms - Mud.Feishu.WebSocket.Tests.dll (net8.0)

Passed!  - Failed:     0, Passed:   225, Skipped:     0, Total:   225, Duration: 683 ms - Mud.Feishu.WebSocket.Tests.dll (net10.0)
[xUnit.net 00:00:01.42]     Mud.Feishu.Redis.Tests.Services.RedisFeishuEventDistributedDeduplicatorWithFallbackTests.TryMarkAsProcessedAsync_WithRetry_ShouldRetryOnTimeout [FAIL]
  Failed Mud.Feishu.Redis.Tests.Services.RedisFeishuEventDistributedDeduplicatorWithFallbackTests.TryMarkAsProcessedAsync_WithRetry_ShouldRetryOnTimeout [252 ms]
  Error Message:
   Assert.False() Failure
Expected: False
Actual:   True
  Stack Trace:
     at Mud.Feishu.Redis.Tests.Services.RedisFeishuEventDistributedDeduplicatorWithFallbackTests.TryMarkAsProcessedAsync_WithRetry_ShouldRetryOnTimeout() in d:\Repos\MudFeishu\Tests\Mud.Feishu.Redis.Tests\Services\RedisFeishuEventDistributedDeduplicatorWithFallbackTests.cs:line 207
--- End of stack trace from previous location ---
[xUnit.net 00:00:01.44]     Mud.Feishu.Redis.Tests.Services.RedisFeishuEventDistributedDeduplicatorWithFallbackTests.TryMarkAsProcessedAsync_WhenRedisUnavailable_ShouldUseFallbackDirectly [FAIL]
[xUnit.net 00:00:01.44]     Mud.Feishu.Redis.Tests.Services.RedisFeishuNonceDistributedDeduplicatorTests.TryMarkAsUsedAsync_WhenFirstNonce_ShouldReturnFalse [FAIL]
[xUnit.net 00:00:01.44]     Mud.Feishu.Redis.Tests.Services.RedisFeishuSeqIDDeduplicatorTests.TryMarkAsProcessed_WhenRedisConnectionFails_ShouldThrowInvalidOperationException [FAIL]
  Failed Mud.Feishu.Redis.Tests.Services.RedisFeishuEventDistributedDeduplicatorWithFallbackTests.TryMarkAsProcessedAsync_WhenRedisUnavailable_ShouldUseFallbackDirectly [7 ms]
  Error Message:
   Assert.False() Failure
Expected: False
Actual:   True
  Stack Trace:
     at Mud.Feishu.Redis.Tests.Services.RedisFeishuEventDistributedDeduplicatorWithFallbackTests.TryMarkAsProcessedAsync_WhenRedisUnavailable_ShouldUseFallbackDirectly() in d:\Repos\MudFeishu\Tests\Mud.Feishu.Redis.Tests\Services\RedisFeishuEventDistributedDeduplicatorWithFallbackTests.cs:line 245
--- End of stack trace from previous location ---
  Failed Mud.Feishu.Redis.Tests.Services.RedisFeishuNonceDistributedDeduplicatorTests.TryMarkAsUsedAsync_WhenFirstNonce_ShouldReturnFalse [14 ms]
  Error Message:
   Assert.False() Failure
Expected: False
Actual:   True
  Stack Trace:
     at Mud.Feishu.Redis.Tests.Services.RedisFeishuNonceDistributedDeduplicatorTests.TryMarkAsUsedAsync_WhenFirstNonce_ShouldReturnFalse() in d:\Repos\MudFeishu\Tests\Mud.Feishu.Redis.Tests\Services\RedisFeishuNonceDistributedDeduplicatorTests.cs:line 48
--- End of stack trace from previous location ---
  Failed Mud.Feishu.Redis.Tests.Services.RedisFeishuSeqIDDeduplicatorTests.TryMarkAsProcessed_WhenRedisConnectionFails_ShouldThrowInvalidOperationException [11 ms]
  Error Message:
   Assert.Throws() Failure: No exception was thrown
Expected: typeof(System.InvalidOperationException)
  Stack Trace:
     at Mud.Feishu.Redis.Tests.Services.RedisFeishuSeqIDDeduplicatorTests.TryMarkAsProcessed_WhenRedisConnectionFails_ShouldThrowInvalidOperationException() in d:\Repos\MudFeishu\Tests\Mud.Feishu.Redis.Tests\Services\RedisFeishuSeqIDDeduplicatorTests.cs:line 305
   at System.Reflection.MethodBaseInvoker.InterpretedInvoke_Method(Object obj, IntPtr* args)
   at System.Reflection.MethodBaseInvoker.InvokeWithNoArgs(Object obj, BindingFlags invokeAttr)
[xUnit.net 00:00:01.46]     Mud.Feishu.Redis.Tests.Services.RedisFeishuEventDistributedDeduplicatorTests.TryMarkAsProcessedAsync_WhenRedisFails_ShouldReturnFalse [FAIL]
[xUnit.net 00:00:01.46]     Mud.Feishu.Redis.Tests.Services.RedisFeishuNonceDistributedDeduplicatorTests.TryMarkAsUsedAsync_WhenRedisTimeout_ShouldThrowInvalidOperationException [FAIL]
[xUnit.net 00:00:01.47]     Mud.Feishu.Redis.Tests.Services.RedisFeishuEventDistributedDeduplicatorWithFallbackTests.TryMarkAsProcessedAsync_WhenRedisFails_ShouldFallbackToMemory [FAIL]
[xUnit.net 00:00:01.47]     Mud.Feishu.Redis.Tests.Services.RedisFeishuEventDistributedDeduplicatorTests.TryMarkAsProcessedAsync_WithCustomTtl_ShouldUseCustomTtl [FAIL]
[xUnit.net 00:00:01.47]     Mud.Feishu.Redis.Tests.Services.RedisFeishuSeqIDDeduplicatorTests.TryMarkAsProcessedAsync_WhenRedisConnectionFails_ShouldThrowInvalidOperationException [FAIL]
  Failed Mud.Feishu.Redis.Tests.Services.RedisFeishuEventDistributedDeduplicatorTests.TryMarkAsProcessedAsync_WhenRedisFails_ShouldReturnFalse [17 ms]
  Error Message:
   Assert.Throws() Failure: No exception was thrown
Expected: typeof(System.InvalidOperationException)
  Stack Trace:
     at Mud.Feishu.Redis.Tests.Services.RedisFeishuEventDistributedDeduplicatorTests.TryMarkAsProcessedAsync_WhenRedisFails_ShouldReturnFalse() in d:\Repos\MudFeishu\Tests\Mud.Feishu.Redis.Tests\Services\RedisFeishuEventDistributedDeduplicatorTests.cs:line 89
--- End of stack trace from previous location ---
  Failed Mud.Feishu.Redis.Tests.Services.RedisFeishuNonceDistributedDeduplicatorTests.TryMarkAsUsedAsync_WhenRedisTimeout_ShouldThrowInvalidOperationException [3 ms]
  Error Message:
   Assert.Throws() Failure: No exception was thrown
Expected: typeof(System.InvalidOperationException)
  Stack Trace:
     at Mud.Feishu.Redis.Tests.Services.RedisFeishuNonceDistributedDeduplicatorTests.TryMarkAsUsedAsync_WhenRedisTimeout_ShouldThrowInvalidOperationException() in d:\Repos\MudFeishu\Tests\Mud.Feishu.Redis.Tests\Services\RedisFeishuNonceDistributedDeduplicatorTests.cs:line 200
--- End of stack trace from previous location ---
  Failed Mud.Feishu.Redis.Tests.Services.RedisFeishuEventDistributedDeduplicatorWithFallbackTests.TryMarkAsProcessedAsync_WhenRedisFails_ShouldFallbackToMemory [4 ms]
  Error Message:
   Assert.False() Failure
Expected: False
Actual:   True
  Stack Trace:
     at Mud.Feishu.Redis.Tests.Services.RedisFeishuEventDistributedDeduplicatorWithFallbackTests.TryMarkAsProcessedAsync_WhenRedisFails_ShouldFallbackToMemory() in d:\Repos\MudFeishu\Tests\Mud.Feishu.Redis.Tests\Services\RedisFeishuEventDistributedDeduplicatorWithFallbackTests.cs:line 70
--- End of stack trace from previous location ---
  Failed Mud.Feishu.Redis.Tests.Services.RedisFeishuEventDistributedDeduplicatorTests.TryMarkAsProcessedAsync_WithCustomTtl_ShouldUseCustomTtl [10 ms]
  Error Message:
   Assert.False() Failure
Expected: False
Actual:   True
  Stack Trace:
     at Mud.Feishu.Redis.Tests.Services.RedisFeishuEventDistributedDeduplicatorTests.TryMarkAsProcessedAsync_WithCustomTtl_ShouldUseCustomTtl() in d:\Repos\MudFeishu\Tests\Mud.Feishu.Redis.Tests\Services\RedisFeishuEventDistributedDeduplicatorTests.cs:line 178
--- End of stack trace from previous location ---
  Failed Mud.Feishu.Redis.Tests.Services.RedisFeishuSeqIDDeduplicatorTests.TryMarkAsProcessedAsync_WhenRedisConnectionFails_ShouldThrowInvalidOperationException [19 ms]
  Error Message:
   Assert.Throws() Failure: No exception was thrown
Expected: typeof(System.InvalidOperationException)
  Stack Trace:
     at Mud.Feishu.Redis.Tests.Services.RedisFeishuSeqIDDeduplicatorTests.TryMarkAsProcessedAsync_WhenRedisConnectionFails_ShouldThrowInvalidOperationException() in d:\Repos\MudFeishu\Tests\Mud.Feishu.Redis.Tests\Services\RedisFeishuSeqIDDeduplicatorTests.cs:line 288
--- End of stack trace from previous location ---
[xUnit.net 00:00:01.48]     Mud.Feishu.Redis.Tests.Services.RedisFeishuEventDistributedDeduplicatorTests.TryMarkAsProcessedAsync_WhenFirstEvent_ShouldReturnFalse [FAIL]
[xUnit.net 00:00:01.48]     Mud.Feishu.Redis.Tests.Services.RedisFeishuNonceDistributedDeduplicatorTests.TryMarkAsUsedAsync_WithCustomTtl_ShouldUseCustomTtl [FAIL]
  Failed Mud.Feishu.Redis.Tests.Services.RedisFeishuEventDistributedDeduplicatorTests.TryMarkAsProcessedAsync_WhenFirstEvent_ShouldReturnFalse [4 ms]
  Error Message:
   Assert.False() Failure
Expected: False
Actual:   True
  Stack Trace:
     at Mud.Feishu.Redis.Tests.Services.RedisFeishuEventDistributedDeduplicatorTests.TryMarkAsProcessedAsync_WhenFirstEvent_ShouldReturnFalse() in d:\Repos\MudFeishu\Tests\Mud.Feishu.Redis.Tests\Services\RedisFeishuEventDistributedDeduplicatorTests.cs:line 48
--- End of stack trace from previous location ---
  Failed Mud.Feishu.Redis.Tests.Services.RedisFeishuNonceDistributedDeduplicatorTests.TryMarkAsUsedAsync_WithCustomTtl_ShouldUseCustomTtl [12 ms]
  Error Message:
   Assert.False() Failure
Expected: False
Actual:   True
  Stack Trace:
     at Mud.Feishu.Redis.Tests.Services.RedisFeishuNonceDistributedDeduplicatorTests.TryMarkAsUsedAsync_WithCustomTtl_ShouldUseCustomTtl() in d:\Repos\MudFeishu\Tests\Mud.Feishu.Redis.Tests\Services\RedisFeishuNonceDistributedDeduplicatorTests.cs:line 108
--- End of stack trace from previous location ---
[xUnit.net 00:00:01.49]     Mud.Feishu.Redis.Tests.Services.RedisFeishuNonceDistributedDeduplicatorTests.TryMarkAsUsedAsync_WhenRedisConnectionFails_ShouldThrowInvalidOperationException [FAIL]
  Failed Mud.Feishu.Redis.Tests.Services.RedisFeishuNonceDistributedDeduplicatorTests.TryMarkAsUsedAsync_WhenRedisConnectionFails_ShouldThrowInvalidOperationException [4 ms]
  Error Message:
   Assert.Throws() Failure: No exception was thrown
Expected: typeof(System.InvalidOperationException)
  Stack Trace:
     at Mud.Feishu.Redis.Tests.Services.RedisFeishuNonceDistributedDeduplicatorTests.TryMarkAsUsedAsync_WhenRedisConnectionFails_ShouldThrowInvalidOperationException() in d:\Repos\MudFeishu\Tests\Mud.Feishu.Redis.Tests\Services\RedisFeishuNonceDistributedDeduplicatorTests.cs:line 183
--- End of stack trace from previous location ---
[xUnit.net 00:00:01.55]     Mud.Feishu.Redis.Tests.Services.RedisFeishuSeqIDDeduplicatorTests.TryMarkAsProcessedAsync_WhenFirstSeqId_ShouldReturnFalse [FAIL]
[xUnit.net 00:00:01.57]     Mud.Feishu.Redis.Tests.Services.RedisFeishuEventDistributedDeduplicatorWithFallbackTests.TryMarkAsProcessedAsync_WhenConsecutiveFailures_ShouldMarkRedisUnavailable [FAIL]
[xUnit.net 00:00:01.58]     Mud.Feishu.Redis.Tests.Services.RedisFeishuEventDistributedDeduplicatorWithFallbackTests.TryMarkAsProcessedAsync_WhenRedisAvailable_ShouldUseRedis [FAIL]
  Failed Mud.Feishu.Redis.Tests.Services.RedisFeishuSeqIDDeduplicatorTests.TryMarkAsProcessedAsync_WhenFirstSeqId_ShouldReturnFalse [7 ms]
  Error Message:
   Assert.False() Failure
Expected: False
Actual:   True
  Stack Trace:
     at Mud.Feishu.Redis.Tests.Services.RedisFeishuSeqIDDeduplicatorTests.TryMarkAsProcessedAsync_WhenFirstSeqId_ShouldReturnFalse() in d:\Repos\MudFeishu\Tests\Mud.Feishu.Redis.Tests\Services\RedisFeishuSeqIDDeduplicatorTests.cs:line 51
--- End of stack trace from previous location ---
  Failed Mud.Feishu.Redis.Tests.Services.RedisFeishuEventDistributedDeduplicatorWithFallbackTests.TryMarkAsProcessedAsync_WhenConsecutiveFailures_ShouldMarkRedisUnavailable [34 ms]
  Error Message:
   Assert.False() Failure
Expected: False
Actual:   True
  Stack Trace:
     at Mud.Feishu.Redis.Tests.Services.RedisFeishuEventDistributedDeduplicatorWithFallbackTests.TryMarkAsProcessedAsync_WhenConsecutiveFailures_ShouldMarkRedisUnavailable() in d:\Repos\MudFeishu\Tests\Mud.Feishu.Redis.Tests\Services\RedisFeishuEventDistributedDeduplicatorWithFallbackTests.cs:line 93
--- End of stack trace from previous location ---
  Failed Mud.Feishu.Redis.Tests.Services.RedisFeishuEventDistributedDeduplicatorWithFallbackTests.TryMarkAsProcessedAsync_WhenRedisAvailable_ShouldUseRedis [5 ms]
  Error Message:
   Assert.False() Failure
Expected: False
Actual:   True
  Stack Trace:
     at Mud.Feishu.Redis.Tests.Services.RedisFeishuEventDistributedDeduplicatorWithFallbackTests.TryMarkAsProcessedAsync_WhenRedisAvailable_ShouldUseRedis() in d:\Repos\MudFeishu\Tests\Mud.Feishu.Redis.Tests\Services\RedisFeishuEventDistributedDeduplicatorWithFallbackTests.cs:line 48
--- End of stack trace from previous location ---
[xUnit.net 00:00:01.59]     Mud.Feishu.Redis.Tests.Services.RedisFeishuSeqIDDeduplicatorTests.TryMarkAsProcessed_WhenFirstSeqId_ShouldReturnFalse [FAIL]
[xUnit.net 00:00:01.47]     Mud.Feishu.Abstractions.Tests.Services.FeishuEventDeduplicatorTests.TryMarkAsProcessed_WhenNullOrEmptyEventId_ShouldReturnFalse [FAIL]
[xUnit.net 00:00:01.48]     Mud.Feishu.Abstractions.Tests.EventHandlers.DefaultFeishuObjectEventHandlerTests.HandleAsync_ShouldHandleEmptyEvent_WhenEventIsNull [FAIL]
[xUnit.net 00:00:01.48]     Mud.Feishu.Abstractions.Tests.EventHandlers.DefaultFeishuEventHandlerTests.HandleAsync_ShouldCallProcessBusinessLogic_WhenEventDataIsValid [FAIL]
  Failed Mud.Feishu.Abstractions.Tests.Services.FeishuEventDeduplicatorTests.TryMarkAsProcessed_WhenNullOrEmptyEventId_ShouldReturnFalse [< 1 ms]
  Error Message:
   System.ArgumentNullException : Value cannot be null. (Parameter 'key')
  Stack Trace:
     at System.Collections.Generic.Dictionary`2.FindValue(TKey key)
   at System.Collections.Generic.Dictionary`2.ContainsKey(TKey key)
   at Mud.Feishu.Abstractions.Services.FeishuEventDeduplicator.TryMarkAsProcessed(String eventId) in d:\Repos\MudFeishu\Mud.Feishu.Abstractions\Services\FeishuEventDeduplicator.cs:line 68
   at Mud.Feishu.Abstractions.Tests.Services.FeishuEventDeduplicatorTests.TryMarkAsProcessed_WhenNullOrEmptyEventId_ShouldReturnFalse() in d:\Repos\MudFeishu\Tests\Mud.Feishu.Abstractions.Tests\Services\FeishuEventDeduplicatorTests.cs:line 219
   at System.Reflection.MethodBaseInvoker.InterpretedInvoke_Method(Object obj, IntPtr* args)
   at System.Reflection.MethodBaseInvoker.InvokeWithNoArgs(Object obj, BindingFlags invokeAttr)
  Failed Mud.Feishu.Abstractions.Tests.EventHandlers.DefaultFeishuObjectEventHandlerTests.HandleAsync_ShouldHandleEmptyEvent_WhenEventIsNull [17 ms]
  Error Message:
   System.ArgumentNullException : Value cannot be null. (Parameter 'json')
  Stack Trace:
     at System.ArgumentNullException.Throw(String paramName)
   at System.ArgumentNullException.ThrowIfNull(Object argument, String paramName)
   at System.Text.Json.JsonSerializer.Deserialize[TValue](String json, JsonSerializerOptions options)
   at Mud.Feishu.Abstractions.EventHandlers.DefaultFeishuEventHandler`1.DeserializeEvent(EventData eventData) in d:\Repos\MudFeishu\Mud.Feishu.Abstractions\EventHandlers\DefaultFeishuEventHandler.cs:line 104
   at Mud.Feishu.Abstractions.EventHandlers.DefaultFeishuEventHandler`1.HandleAsync(EventData eventData, CancellationToken cancellationToken) in d:\Repos\MudFeishu\Mud.Feishu.Abstractions\EventHandlers\DefaultFeishuEventHandler.cs:line 58
   at Mud.Feishu.Abstractions.Tests.EventHandlers.DefaultFeishuObjectEventHandlerTests.HandleAsync_ShouldHandleEmptyEvent_WhenEventIsNull() in d:\Repos\MudFeishu\Tests\Mud.Feishu.Abstractions.Tests\EventHandlers\DefaultFeishuObjectEventHandlerTests.cs:line 110
--- End of stack trace from previous location ---
[xUnit.net 00:00:01.49]     Mud.Feishu.Abstractions.Tests.Services.FeishuEventDeduplicatorTests.TryMarkAsProcessed_WhenDuplicateEvent_ShouldReturnTrue [FAIL]
  Failed Mud.Feishu.Abstractions.Tests.EventHandlers.DefaultFeishuEventHandlerTests.HandleAsync_ShouldCallProcessBusinessLogic_WhenEventDataIsValid [153 ms]
  Error Message:
   System.InvalidOperationException : 事件数据格式无效
---- System.Text.Json.JsonException : 'S' is an invalid start of a value. Path: $ | LineNumber: 0 | BytePositionInLine: 0.
-------- System.Text.Json.JsonReaderException : 'S' is an invalid start of a value. LineNumber: 0 | BytePositionInLine: 0.
  Stack Trace:
     at Mud.Feishu.Abstractions.EventHandlers.DefaultFeishuEventHandler`1.HandleAsync(EventData eventData, CancellationToken cancellationToken) in d:\Repos\MudFeishu\Mud.Feishu.Abstractions\EventHandlers\DefaultFeishuEventHandler.cs:line 66
   at Mud.Feishu.Abstractions.Tests.EventHandlers.DefaultFeishuEventHandlerTests.HandleAsync_ShouldCallProcessBusinessLogic_WhenEventDataIsValid() in d:\Repos\MudFeishu\Tests\Mud.Feishu.Abstractions.Tests\EventHandlers\DefaultFeishuEventHandlerTests.cs:line 94
--- End of stack trace from previous location ---
----- Inner Stack Trace -----
   at System.Text.Json.ThrowHelper.ReThrowWithPath(ReadStack& state, JsonReaderException ex)
   at System.Text.Json.Serialization.JsonConverter`1.ReadCore(Utf8JsonReader& reader, T& value, JsonSerializerOptions options, ReadStack& state)
   at System.Text.Json.Serialization.Metadata.JsonTypeInfo`1.Deserialize(Utf8JsonReader& reader, ReadStack& state)
   at System.Text.Json.JsonSerializer.ReadFromSpan[TValue](ReadOnlySpan`1 utf8Json, JsonTypeInfo`1 jsonTypeInfo, Nullable`1 actualByteCount)
   at System.Text.Json.JsonSerializer.ReadFromSpan[TValue](ReadOnlySpan`1 json, JsonTypeInfo`1 jsonTypeInfo)
   at System.Text.Json.JsonSerializer.Deserialize[TValue](String json, JsonSerializerOptions options)
   at Mud.Feishu.Abstractions.EventHandlers.DefaultFeishuEventHandler`1.DeserializeEvent(EventData eventData) in d:\Repos\MudFeishu\Mud.Feishu.Abstractions\EventHandlers\DefaultFeishuEventHandler.cs:line 104
   at Mud.Feishu.Abstractions.EventHandlers.DefaultFeishuEventHandler`1.HandleAsync(EventData eventData, CancellationToken cancellationToken) in d:\Repos\MudFeishu\Mud.Feishu.Abstractions\EventHandlers\DefaultFeishuEventHandler.cs:line 58
----- Inner Stack Trace -----
   at System.Text.Json.ThrowHelper.ThrowJsonReaderException(Utf8JsonReader& json, ExceptionResource resource, Byte nextByte, ReadOnlySpan`1 bytes)
   at System.Text.Json.Utf8JsonReader.ConsumeValue(Byte marker)
   at System.Text.Json.Utf8JsonReader.ReadFirstToken(Byte first)
   at System.Text.Json.Utf8JsonReader.ReadSingleSegment()
   at System.Text.Json.Utf8JsonReader.Read()
   at System.Text.Json.Serialization.JsonConverter`1.ReadCore(Utf8JsonReader& reader, T& value, JsonSerializerOptions options, ReadStack& state)
  Failed Mud.Feishu.Abstractions.Tests.Services.FeishuEventDeduplicatorTests.TryMarkAsProcessed_WhenDuplicateEvent_ShouldReturnTrue [1 ms]
  Error Message:
   Assert.True() Failure
Expected: True
Actual:   False
  Stack Trace:
     at Mud.Feishu.Abstractions.Tests.Services.FeishuEventDeduplicatorTests.TryMarkAsProcessed_WhenDuplicateEvent_ShouldReturnTrue() in d:\Repos\MudFeishu\Tests\Mud.Feishu.Abstractions.Tests\Services\FeishuEventDeduplicatorTests.cs:line 43
   at System.Reflection.MethodBaseInvoker.InterpretedInvoke_Method(Object obj, IntPtr* args)
   at System.Reflection.MethodBaseInvoker.InvokeWithNoArgs(Object obj, BindingFlags invokeAttr)
[xUnit.net 00:00:01.50]     Mud.Feishu.Abstractions.Tests.EventHandlers.DefaultFeishuEventHandlerTests.HandleAsync_ShouldLogError_WhenBusinessLogicThrowsException [FAIL]
[xUnit.net 00:00:01.50]     Mud.Feishu.Abstractions.Tests.EventHandlers.DefaultFeishuObjectEventHandlerTests.HandleAsync_ShouldPropagateException_WhenBusinessLogicThrows [FAIL]
[xUnit.net 00:00:01.50]     Mud.Feishu.Abstractions.Tests.EventHandlers.DefaultFeishuEventHandlerTests.HandleAsync_ShouldLogInformation_WhenProcessingStarts [FAIL]
  Failed Mud.Feishu.Abstractions.Tests.EventHandlers.DefaultFeishuEventHandlerTests.HandleAsync_ShouldLogError_WhenBusinessLogicThrowsException [9 ms]
  Error Message:
   Assert.Equal() Failure: Strings differ
           ↓ (pos 0)
Expected: "Business logic error"
Actual:   "事件数据格式无效"
           ↑ (pos 0)
  Stack Trace:
     at Mud.Feishu.Abstractions.Tests.EventHandlers.DefaultFeishuEventHandlerTests.HandleAsync_ShouldLogError_WhenBusinessLogicThrowsException() in d:\Repos\MudFeishu\Tests\Mud.Feishu.Abstractions.Tests\EventHandlers\DefaultFeishuEventHandlerTests.cs:line 230
--- End of stack trace from previous location ---
  Failed Mud.Feishu.Abstractions.Tests.EventHandlers.DefaultFeishuObjectEventHandlerTests.HandleAsync_ShouldPropagateException_WhenBusinessLogicThrows [16 ms]
  Error Message:
   Assert.Equal() Failure: Strings differ
           ↓ (pos 0)
Expected: "Business logic error"
Actual:   "事件数据格式无效"
           ↑ (pos 0)
  Stack Trace:
     at Mud.Feishu.Abstractions.Tests.EventHandlers.DefaultFeishuObjectEventHandlerTests.HandleAsync_ShouldPropagateException_WhenBusinessLogicThrows() in d:\Repos\MudFeishu\Tests\Mud.Feishu.Abstractions.Tests\EventHandlers\DefaultFeishuObjectEventHandlerTests.cs:line 153
--- End of stack trace from previous location ---
  Failed Mud.Feishu.Abstractions.Tests.EventHandlers.DefaultFeishuEventHandlerTests.HandleAsync_ShouldLogInformation_WhenProcessingStarts [1 ms]
  Error Message:
   System.InvalidOperationException : 事件数据格式无效
---- System.Text.Json.JsonException : 'S' is an invalid start of a value. Path: $ | LineNumber: 0 | BytePositionInLine: 0.
-------- System.Text.Json.JsonReaderException : 'S' is an invalid start of a value. LineNumber: 0 | BytePositionInLine: 0.
  Stack Trace:
     at Mud.Feishu.Abstractions.EventHandlers.DefaultFeishuEventHandler`1.HandleAsync(EventData eventData, CancellationToken cancellationToken) in d:\Repos\MudFeishu\Mud.Feishu.Abstractions\EventHandlers\DefaultFeishuEventHandler.cs:line 66
   at Mud.Feishu.Abstractions.Tests.EventHandlers.DefaultFeishuEventHandlerTests.HandleAsync_ShouldLogInformation_WhenProcessingStarts() in d:\Repos\MudFeishu\Tests\Mud.Feishu.Abstractions.Tests\EventHandlers\DefaultFeishuEventHandlerTests.cs:line 189
--- End of stack trace from previous location ---
----- Inner Stack Trace -----
   at System.Text.Json.ThrowHelper.ReThrowWithPath(ReadStack& state, JsonReaderException ex)
   at System.Text.Json.Serialization.JsonConverter`1.ReadCore(Utf8JsonReader& reader, T& value, JsonSerializerOptions options, ReadStack& state)
   at System.Text.Json.Serialization.Metadata.JsonTypeInfo`1.Deserialize(Utf8JsonReader& reader, ReadStack& state)
   at System.Text.Json.JsonSerializer.ReadFromSpan[TValue](ReadOnlySpan`1 utf8Json, JsonTypeInfo`1 jsonTypeInfo, Nullable`1 actualByteCount)
   at System.Text.Json.JsonSerializer.ReadFromSpan[TValue](ReadOnlySpan`1 json, JsonTypeInfo`1 jsonTypeInfo)
   at System.Text.Json.JsonSerializer.Deserialize[TValue](String json, JsonSerializerOptions options)
   at Mud.Feishu.Abstractions.EventHandlers.DefaultFeishuEventHandler`1.DeserializeEvent(EventData eventData) in d:\Repos\MudFeishu\Mud.Feishu.Abstractions\EventHandlers\DefaultFeishuEventHandler.cs:line 104
   at Mud.Feishu.Abstractions.EventHandlers.DefaultFeishuEventHandler`1.HandleAsync(EventData eventData, CancellationToken cancellationToken) in d:\Repos\MudFeishu\Mud.Feishu.Abstractions\EventHandlers\DefaultFeishuEventHandler.cs:line 58
----- Inner Stack Trace -----
   at System.Text.Json.ThrowHelper.ThrowJsonReaderException(Utf8JsonReader& json, ExceptionResource resource, Byte nextByte, ReadOnlySpan`1 bytes)
   at System.Text.Json.Utf8JsonReader.ConsumeValue(Byte marker)
   at System.Text.Json.Utf8JsonReader.ReadFirstToken(Byte first)
   at System.Text.Json.Utf8JsonReader.ReadSingleSegment()
   at System.Text.Json.Utf8JsonReader.Read()
   at System.Text.Json.Serialization.JsonConverter`1.ReadCore(Utf8JsonReader& reader, T& value, JsonSerializerOptions options, ReadStack& state)
[xUnit.net 00:00:01.51]     Mud.Feishu.Abstractions.Tests.EventHandlers.DefaultFeishuObjectEventHandlerTests.HandleAsync_ShouldCallProcessBusinessLogic_WhenEventDataIsValid [FAIL]
[xUnit.net 00:00:01.54]     Mud.Feishu.Abstractions.Tests.EventHandlers.IdempotentFeishuEventHandlerTests.HandleAsync_WhenDuplicate_ShouldSkipProcessing [FAIL]
  Failed Mud.Feishu.Abstractions.Tests.EventHandlers.DefaultFeishuObjectEventHandlerTests.HandleAsync_ShouldCallProcessBusinessLogic_WhenEventDataIsValid [2 ms]
  Error Message:
   System.InvalidOperationException : 事件数据格式无效
---- System.Text.Json.JsonException : 'S' is an invalid start of a value. Path: $ | LineNumber: 0 | BytePositionInLine: 0.
-------- System.Text.Json.JsonReaderException : 'S' is an invalid start of a value. LineNumber: 0 | BytePositionInLine: 0.
  Stack Trace:
     at Mud.Feishu.Abstractions.EventHandlers.DefaultFeishuEventHandler`1.HandleAsync(EventData eventData, CancellationToken cancellationToken) in d:\Repos\MudFeishu\Mud.Feishu.Abstractions\EventHandlers\DefaultFeishuEventHandler.cs:line 66
   at Mud.Feishu.Abstractions.Tests.EventHandlers.DefaultFeishuObjectEventHandlerTests.HandleAsync_ShouldCallProcessBusinessLogic_WhenEventDataIsValid() in d:\Repos\MudFeishu\Tests\Mud.Feishu.Abstractions.Tests\EventHandlers\DefaultFeishuObjectEventHandlerTests.cs:line 82
--- End of stack trace from previous location ---
----- Inner Stack Trace -----
   at System.Text.Json.ThrowHelper.ReThrowWithPath(ReadStack& state, JsonReaderException ex)
   at System.Text.Json.Serialization.JsonConverter`1.ReadCore(Utf8JsonReader& reader, T& value, JsonSerializerOptions options, ReadStack& state)
   at System.Text.Json.Serialization.Metadata.JsonTypeInfo`1.Deserialize(Utf8JsonReader& reader, ReadStack& state)
   at System.Text.Json.JsonSerializer.ReadFromSpan[TValue](ReadOnlySpan`1 utf8Json, JsonTypeInfo`1 jsonTypeInfo, Nullable`1 actualByteCount)
   at System.Text.Json.JsonSerializer.ReadFromSpan[TValue](ReadOnlySpan`1 json, JsonTypeInfo`1 jsonTypeInfo)
   at System.Text.Json.JsonSerializer.Deserialize[TValue](String json, JsonSerializerOptions options)
   at Mud.Feishu.Abstractions.EventHandlers.DefaultFeishuEventHandler`1.DeserializeEvent(EventData eventData) in d:\Repos\MudFeishu\Mud.Feishu.Abstractions\EventHandlers\DefaultFeishuEventHandler.cs:line 104
   at Mud.Feishu.Abstractions.EventHandlers.DefaultFeishuEventHandler`1.HandleAsync(EventData eventData, CancellationToken cancellationToken) in d:\Repos\MudFeishu\Mud.Feishu.Abstractions\EventHandlers\DefaultFeishuEventHandler.cs:line 58
----- Inner Stack Trace -----
   at System.Text.Json.ThrowHelper.ThrowJsonReaderException(Utf8JsonReader& json, ExceptionResource resource, Byte nextByte, ReadOnlySpan`1 bytes)
   at System.Text.Json.Utf8JsonReader.ConsumeValue(Byte marker)
   at System.Text.Json.Utf8JsonReader.ReadFirstToken(Byte first)
   at System.Text.Json.Utf8JsonReader.ReadSingleSegment()
   at System.Text.Json.Utf8JsonReader.Read()
   at System.Text.Json.Serialization.JsonConverter`1.ReadCore(Utf8JsonReader& reader, T& value, JsonSerializerOptions options, ReadStack& state)
  Failed Mud.Feishu.Abstractions.Tests.EventHandlers.IdempotentFeishuEventHandlerTests.HandleAsync_WhenDuplicate_ShouldSkipProcessing [57 ms]
  Error Message:
   System.ArgumentNullException : Value cannot be null. (Parameter 'json')
  Stack Trace:
     at System.ArgumentNullException.Throw(String paramName)
   at System.ArgumentNullException.ThrowIfNull(Object argument, String paramName)
   at System.Text.Json.JsonSerializer.Deserialize[TValue](String json, JsonSerializerOptions options)
   at Mud.Feishu.Abstractions.EventHandlers.DefaultFeishuEventHandler`1.DeserializeEvent(EventData eventData) in d:\Repos\MudFeishu\Mud.Feishu.Abstractions\EventHandlers\DefaultFeishuEventHandler.cs:line 104
   at Mud.Feishu.Abstractions.EventHandlers.IdempotentFeishuEventHandler`1.HandleAsync(EventData eventData, CancellationToken cancellationToken) in d:\Repos\MudFeishu\Mud.Feishu.Abstractions\EventHandlers\IdempotentFeishuEventHandler.cs:line 67
   at Mud.Feishu.Abstractions.Tests.EventHandlers.IdempotentFeishuEventHandlerTests.HandleAsync_WhenDuplicate_ShouldSkipProcessing() in d:\Repos\MudFeishu\Tests\Mud.Feishu.Abstractions.Tests\EventHandlers\IdempotentFeishuEventHandlerTests.cs:line 109
--- End of stack trace from previous location ---
[xUnit.net 00:00:01.55]     Mud.Feishu.Abstractions.Tests.Extensions.FeishuServiceCollectionBuilderExtensionsTests.AddFeishuServices_ShouldThrowArgumentNullException_WhenCalledWithNullModules [FAIL]
[xUnit.net 00:00:01.55]     Mud.Feishu.Abstractions.Tests.EventHandlers.IdempotentFeishuEventHandlerTests.HandleAsync_WhenBusinessKeyIsEmpty_ShouldProcessWithoutDeduplication [FAIL]
  Failed Mud.Feishu.Redis.Tests.Services.RedisFeishuSeqIDDeduplicatorTests.TryMarkAsProcessed_WhenFirstSeqId_ShouldReturnFalse [6 ms]
  Error Message:
   Assert.False() Failure
Expected: False
Actual:   True
  Stack Trace:
     at Mud.Feishu.Redis.Tests.Services.RedisFeishuSeqIDDeduplicatorTests.TryMarkAsProcessed_WhenFirstSeqId_ShouldReturnFalse() in d:\Repos\MudFeishu\Tests\Mud.Feishu.Redis.Tests\Services\RedisFeishuSeqIDDeduplicatorTests.cs:line 103
   at System.Reflection.MethodBaseInvoker.InterpretedInvoke_Method(Object obj, IntPtr* args)
   at System.Reflection.MethodBaseInvoker.InvokeWithNoArgs(Object obj, BindingFlags invokeAttr)

[xUnit.net 00:00:01.57]     Mud.Feishu.Abstractions.Tests.EventHandlers.IdempotentFeishuEventHandlerTests.HandleAsync_WhenFirstTime_ShouldProcessEvent [FAIL]
Failed!  - Failed:    16, Passed:    35, Skipped:     0, Total:    51, Duration: 676 ms - Mud.Feishu.Redis.Tests.dll (net10.0)
  Failed Mud.Feishu.Abstractions.Tests.Extensions.FeishuServiceCollectionBuilderExtensionsTests.AddFeishuServices_ShouldThrowArgumentNullException_WhenCalledWithNullModules [4 ms]
  Error Message:
   Assert.Throws() Failure: Exception type was not an exact match
Expected: typeof(System.ArgumentNullException)
Actual:   typeof(System.ArgumentException)
---- System.ArgumentException : 至少需要指定一个模块 (Parameter 'modules')
  Stack Trace:
     at Mud.Feishu.Abstractions.Tests.Extensions.FeishuServiceCollectionBuilderExtensionsTests.AddFeishuServices_ShouldThrowArgumentNullException_WhenCalledWithNullModules() in d:\Repos\MudFeishu\Tests\Mud.Feishu.Abstractions.Tests\Extensions\FeishuServiceCollectionBuilderExtensionsTests.cs:line 67
   at System.Reflection.MethodBaseInvoker.InterpretedInvoke_Method(Object obj, IntPtr* args)
   at System.Reflection.MethodBaseInvoker.InvokeWithNoArgs(Object obj, BindingFlags invokeAttr)
----- Inner Stack Trace -----
   at Microsoft.Extensions.DependencyInjection.FeishuServiceCollectionBuilderExtensions.AddFeishuServices(IServiceCollection services, FeishuModule[] modules) in d:\Repos\MudFeishu\Mud.Feishu\Extensions\FeishuServiceCollectionBuilderExtensions.cs:line 34
   at Mud.Feishu.Abstractions.Tests.Extensions.FeishuServiceCollectionBuilderExtensionsTests.<>c__DisplayClass2_0.<AddFeishuServices_ShouldThrowArgumentNullException_WhenCalledWithNullModules>b__0() in d:\Repos\MudFeishu\Tests\Mud.Feishu.Abstractions.Tests\Extensions\FeishuServiceCollectionBuilderExtensionsTests.cs:line 67
  Failed Mud.Feishu.Abstractions.Tests.EventHandlers.IdempotentFeishuEventHandlerTests.HandleAsync_WhenBusinessKeyIsEmpty_ShouldProcessWithoutDeduplication [27 ms]
  Error Message:
   System.Text.Json.JsonException : 'S' is an invalid start of a value. Path: $ | LineNumber: 0 | BytePositionInLine: 0.
---- System.Text.Json.JsonReaderException : 'S' is an invalid start of a value. LineNumber: 0 | BytePositionInLine: 0.
  Stack Trace:
     at System.Text.Json.ThrowHelper.ReThrowWithPath(ReadStack& state, JsonReaderException ex)
   at System.Text.Json.Serialization.JsonConverter`1.ReadCore(Utf8JsonReader& reader, T& value, JsonSerializerOptions options, ReadStack& state)
   at System.Text.Json.Serialization.Metadata.JsonTypeInfo`1.Deserialize(Utf8JsonReader& reader, ReadStack& state)
   at System.Text.Json.JsonSerializer.ReadFromSpan[TValue](ReadOnlySpan`1 utf8Json, JsonTypeInfo`1 jsonTypeInfo, Nullable`1 actualByteCount)
   at System.Text.Json.JsonSerializer.ReadFromSpan[TValue](ReadOnlySpan`1 json, JsonTypeInfo`1 jsonTypeInfo)
   at System.Text.Json.JsonSerializer.Deserialize[TValue](String json, JsonSerializerOptions options)
   at Mud.Feishu.Abstractions.EventHandlers.DefaultFeishuEventHandler`1.DeserializeEvent(EventData eventData) in d:\Repos\MudFeishu\Mud.Feishu.Abstractions\EventHandlers\DefaultFeishuEventHandler.cs:line 104
   at Mud.Feishu.Abstractions.EventHandlers.IdempotentFeishuEventHandler`1.HandleAsync(EventData eventData, CancellationToken cancellationToken) in d:\Repos\MudFeishu\Mud.Feishu.Abstractions\EventHandlers\IdempotentFeishuEventHandler.cs:line 67
   at Mud.Feishu.Abstractions.Tests.EventHandlers.IdempotentFeishuEventHandlerTests.HandleAsync_WhenBusinessKeyIsEmpty_ShouldProcessWithoutDeduplication() in d:\Repos\MudFeishu\Tests\Mud.Feishu.Abstractions.Tests\EventHandlers\IdempotentFeishuEventHandlerTests.cs:line 165
--- End of stack trace from previous location ---
----- Inner Stack Trace -----
   at System.Text.Json.ThrowHelper.ThrowJsonReaderException(Utf8JsonReader& json, ExceptionResource resource, Byte nextByte, ReadOnlySpan`1 bytes)
   at System.Text.Json.Utf8JsonReader.ConsumeValue(Byte marker)
   at System.Text.Json.Utf8JsonReader.ReadFirstToken(Byte first)
   at System.Text.Json.Utf8JsonReader.ReadSingleSegment()
   at System.Text.Json.Utf8JsonReader.Read()
   at System.Text.Json.Serialization.JsonConverter`1.ReadCore(Utf8JsonReader& reader, T& value, JsonSerializerOptions options, ReadStack& state)
  Failed Mud.Feishu.Abstractions.Tests.EventHandlers.IdempotentFeishuEventHandlerTests.HandleAsync_WhenFirstTime_ShouldProcessEvent [2 ms]
  Error Message:
   System.Text.Json.JsonException : 'S' is an invalid start of a value. Path: $ | LineNumber: 0 | BytePositionInLine: 0.
---- System.Text.Json.JsonReaderException : 'S' is an invalid start of a value. LineNumber: 0 | BytePositionInLine: 0.
  Stack Trace:
     at System.Text.Json.ThrowHelper.ReThrowWithPath(ReadStack& state, JsonReaderException ex)
   at System.Text.Json.Serialization.JsonConverter`1.ReadCore(Utf8JsonReader& reader, T& value, JsonSerializerOptions options, ReadStack& state)
   at System.Text.Json.Serialization.Metadata.JsonTypeInfo`1.Deserialize(Utf8JsonReader& reader, ReadStack& state)
   at System.Text.Json.JsonSerializer.ReadFromSpan[TValue](ReadOnlySpan`1 utf8Json, JsonTypeInfo`1 jsonTypeInfo, Nullable`1 actualByteCount)
   at System.Text.Json.JsonSerializer.ReadFromSpan[TValue](ReadOnlySpan`1 json, JsonTypeInfo`1 jsonTypeInfo)
   at System.Text.Json.JsonSerializer.Deserialize[TValue](String json, JsonSerializerOptions options)
   at Mud.Feishu.Abstractions.EventHandlers.DefaultFeishuEventHandler`1.DeserializeEvent(EventData eventData) in d:\Repos\MudFeishu\Mud.Feishu.Abstractions\EventHandlers\DefaultFeishuEventHandler.cs:line 104
   at Mud.Feishu.Abstractions.EventHandlers.IdempotentFeishuEventHandler`1.HandleAsync(EventData eventData, CancellationToken cancellationToken) in d:\Repos\MudFeishu\Mud.Feishu.Abstractions\EventHandlers\IdempotentFeishuEventHandler.cs:line 67
   at Mud.Feishu.Abstractions.Tests.EventHandlers.IdempotentFeishuEventHandlerTests.HandleAsync_WhenFirstTime_ShouldProcessEvent() in d:\Repos\MudFeishu\Tests\Mud.Feishu.Abstractions.Tests\EventHandlers\IdempotentFeishuEventHandlerTests.cs:line 86
--- End of stack trace from previous location ---
----- Inner Stack Trace -----
   at System.Text.Json.ThrowHelper.ThrowJsonReaderException(Utf8JsonReader& json, ExceptionResource resource, Byte nextByte, ReadOnlySpan`1 bytes)
   at System.Text.Json.Utf8JsonReader.ConsumeValue(Byte marker)
   at System.Text.Json.Utf8JsonReader.ReadFirstToken(Byte first)
   at System.Text.Json.Utf8JsonReader.ReadSingleSegment()
   at System.Text.Json.Utf8JsonReader.Read()
   at System.Text.Json.Serialization.JsonConverter`1.ReadCore(Utf8JsonReader& reader, T& value, JsonSerializerOptions options, ReadStack& state)
[xUnit.net 00:00:01.58]     Mud.Feishu.Abstractions.Tests.EventHandlers.IdempotentFeishuEventHandlerTests.HandleAsync_WhenProcessingFails_ShouldRollback [FAIL]
  Failed Mud.Feishu.Abstractions.Tests.EventHandlers.IdempotentFeishuEventHandlerTests.HandleAsync_WhenProcessingFails_ShouldRollback [6 ms]
  Error Message:
   Assert.Throws() Failure: Exception type was not an exact match
Expected: typeof(System.InvalidOperationException)
Actual:   typeof(System.Text.Json.JsonException)
---- System.Text.Json.JsonException : 'S' is an invalid start of a value. Path: $ | LineNumber: 0 | BytePositionInLine: 0.
-------- System.Text.Json.JsonReaderException : 'S' is an invalid start of a value. LineNumber: 0 | BytePositionInLine: 0.
  Stack Trace:
     at Mud.Feishu.Abstractions.Tests.EventHandlers.IdempotentFeishuEventHandlerTests.HandleAsync_WhenProcessingFails_ShouldRollback() in d:\Repos\MudFeishu\Tests\Mud.Feishu.Abstractions.Tests\EventHandlers\IdempotentFeishuEventHandlerTests.cs:line 142
--- End of stack trace from previous location ---
----- Inner Stack Trace -----
   at System.Text.Json.ThrowHelper.ReThrowWithPath(ReadStack& state, JsonReaderException ex)
   at System.Text.Json.Serialization.JsonConverter`1.ReadCore(Utf8JsonReader& reader, T& value, JsonSerializerOptions options, ReadStack& state)
   at System.Text.Json.Serialization.Metadata.JsonTypeInfo`1.Deserialize(Utf8JsonReader& reader, ReadStack& state)
   at System.Text.Json.JsonSerializer.ReadFromSpan[TValue](ReadOnlySpan`1 utf8Json, JsonTypeInfo`1 jsonTypeInfo, Nullable`1 actualByteCount)
   at System.Text.Json.JsonSerializer.ReadFromSpan[TValue](ReadOnlySpan`1 json, JsonTypeInfo`1 jsonTypeInfo)
   at System.Text.Json.JsonSerializer.Deserialize[TValue](String json, JsonSerializerOptions options)
   at Mud.Feishu.Abstractions.EventHandlers.DefaultFeishuEventHandler`1.DeserializeEvent(EventData eventData) in d:\Repos\MudFeishu\Mud.Feishu.Abstractions\EventHandlers\DefaultFeishuEventHandler.cs:line 104
   at Mud.Feishu.Abstractions.EventHandlers.IdempotentFeishuEventHandler`1.HandleAsync(EventData eventData, CancellationToken cancellationToken) in d:\Repos\MudFeishu\Mud.Feishu.Abstractions\EventHandlers\IdempotentFeishuEventHandler.cs:line 67
----- Inner Stack Trace -----
   at System.Text.Json.ThrowHelper.ThrowJsonReaderException(Utf8JsonReader& json, ExceptionResource resource, Byte nextByte, ReadOnlySpan`1 bytes)
   at System.Text.Json.Utf8JsonReader.ConsumeValue(Byte marker)
   at System.Text.Json.Utf8JsonReader.ReadFirstToken(Byte first)
   at System.Text.Json.Utf8JsonReader.ReadSingleSegment()
   at System.Text.Json.Utf8JsonReader.Read()
   at System.Text.Json.Serialization.JsonConverter`1.ReadCore(Utf8JsonReader& reader, T& value, JsonSerializerOptions options, ReadStack& state)
[xUnit.net 00:00:01.07]     Mud.Feishu.Webhook.Tests.Services.FeishuEventValidatorTests.ValidateSignatureAsync_WhenSignatureIsValid_ShouldReturnTrue [SKIP]
[xUnit.net 00:00:01.59]     Mud.Feishu.Abstractions.Tests.MultiAppTests.MultiApp_DuplicateAppKeys_ShouldThrowOnRegistration [FAIL]
[xUnit.net 00:00:01.59]     Mud.Feishu.Abstractions.Tests.MultiAppTests.MultiApp_NoDefaultApp_ShouldThrowOnRegistration [FAIL]
  Skipped Mud.Feishu.Webhook.Tests.Services.FeishuEventValidatorTests.ValidateSignatureAsync_WhenSignatureIsValid_ShouldReturnTrue [1 ms]
  Failed Mud.Feishu.Abstractions.Tests.MultiAppTests.MultiApp_DuplicateAppKeys_ShouldThrowOnRegistration [1 ms]
  Error Message:
   Assert.Throws() Failure: No exception was thrown
Expected: typeof(System.InvalidOperationException)
  Stack Trace:
     at Mud.Feishu.Abstractions.Tests.MultiAppTests.MultiApp_DuplicateAppKeys_ShouldThrowOnRegistration() in d:\Repos\MudFeishu\Tests\Mud.Feishu.Abstractions.Tests\Authentication\MultiAppTests.cs:line 157
   at System.Reflection.MethodBaseInvoker.InterpretedInvoke_Method(Object obj, IntPtr* args)
   at System.Reflection.MethodBaseInvoker.InvokeWithNoArgs(Object obj, BindingFlags invokeAttr)
  Failed Mud.Feishu.Abstractions.Tests.MultiAppTests.MultiApp_NoDefaultApp_ShouldThrowOnRegistration [2 ms]
  Error Message:
   Assert.Throws() Failure: No exception was thrown
Expected: typeof(System.InvalidOperationException)
  Stack Trace:
     at Mud.Feishu.Abstractions.Tests.MultiAppTests.MultiApp_NoDefaultApp_ShouldThrowOnRegistration() in d:\Repos\MudFeishu\Tests\Mud.Feishu.Abstractions.Tests\Authentication\MultiAppTests.cs:line 183
   at System.Reflection.MethodBaseInvoker.InterpretedInvoke_Method(Object obj, IntPtr* args)
   at System.Reflection.MethodBaseInvoker.InvokeWithNoArgs(Object obj, BindingFlags invokeAttr)
[xUnit.net 00:00:01.60]     Mud.Feishu.Abstractions.Tests.MultiAppTests.MultiApp_SensitiveDataToString_ShouldMaskSecret [FAIL]

Passed!  - Failed:     0, Passed:   225, Skipped:     0, Total:   225, Duration: 666 ms - Mud.Feishu.WebSocket.Tests.dll (net6.0)
  Failed Mud.Feishu.Abstractions.Tests.MultiAppTests.MultiApp_SensitiveDataToString_ShouldMaskSecret [1 ms]
  Error Message:
   Assert.Contains() Failure: Sub-string not found
String:    "FeishuAppConfig { AppKey: test-app, AppId"···
Not found: "te****45"
  Stack Trace:
     at Mud.Feishu.Abstractions.Tests.MultiAppTests.MultiApp_SensitiveDataToString_ShouldMaskSecret() in d:\Repos\MudFeishu\Tests\Mud.Feishu.Abstractions.Tests\Authentication\MultiAppTests.cs:line 130
   at System.Reflection.MethodBaseInvoker.InterpretedInvoke_Method(Object obj, IntPtr* args)
   at System.Reflection.MethodBaseInvoker.InvokeWithNoArgs(Object obj, BindingFlags invokeAttr)
[xUnit.net 00:00:01.62]     Mud.Feishu.Abstractions.Tests.Services.FeishuEventDeduplicatorTests.TryMarkAsProcessed_WhenNullOrEmptyEventId_ShouldReturnFalse [FAIL]
  Failed Mud.Feishu.Abstractions.Tests.Services.FeishuEventDeduplicatorTests.TryMarkAsProcessed_WhenNullOrEmptyEventId_ShouldReturnFalse [5 ms]
  Error Message:
   System.ArgumentNullException : Value cannot be null. (Parameter 'key')
  Stack Trace:
     at System.Collections.Generic.Dictionary`2.FindValue(TKey key)
   at System.Collections.Generic.Dictionary`2.ContainsKey(TKey key)
   at Mud.Feishu.Abstractions.Services.FeishuEventDeduplicator.TryMarkAsProcessed(String eventId) in d:\Repos\MudFeishu\Mud.Feishu.Abstractions\Services\FeishuEventDeduplicator.cs:line 68
   at Mud.Feishu.Abstractions.Tests.Services.FeishuEventDeduplicatorTests.TryMarkAsProcessed_WhenNullOrEmptyEventId_ShouldReturnFalse() in d:\Repos\MudFeishu\Tests\Mud.Feishu.Abstractions.Tests\Services\FeishuEventDeduplicatorTests.cs:line 219
   at System.RuntimeMethodHandle.InvokeMethod(Object target, Void** arguments, Signature sig, Boolean isConstructor)
   at System.Reflection.MethodBaseInvoker.InvokeWithNoArgs(Object obj, BindingFlags invokeAttr)

Passed!  - Failed:     0, Passed:    58, Skipped:     1, Total:    59, Duration: 2 s - Mud.Feishu.Webhook.Tests.dll (net6.0)


Passed!  - Failed:     0, Passed:    58, Skipped:     1, Total:    59, Duration: 1 s - Mud.Feishu.Webhook.Tests.dll (net8.0)
Passed!  - Failed:     0, Passed:    58, Skipped:     1, Total:    59, Duration: 889 ms - Mud.Feishu.Webhook.Tests.dll (net10.0)
[xUnit.net 00:00:01.84]     Mud.Feishu.Abstractions.Tests.EventHandlers.IdempotentFeishuEventHandlerTests.HandleAsync_WhenDuplicate_ShouldSkipProcessing [FAIL]
[xUnit.net 00:00:01.84]     Mud.Feishu.Abstractions.Tests.EventHandlers.DefaultFeishuObjectEventHandlerTests.HandleAsync_ShouldHandleEmptyEvent_WhenEventIsNull [FAIL]
  Failed Mud.Feishu.Abstractions.Tests.EventHandlers.IdempotentFeishuEventHandlerTests.HandleAsync_WhenDuplicate_ShouldSkipProcessing [69 ms]
  Error Message:
   System.ArgumentNullException : Value cannot be null. (Parameter 'json')
  Stack Trace:
     at System.Text.Json.ThrowHelper.ThrowArgumentNullException(String parameterName)
   at System.Text.Json.JsonSerializer.Deserialize[TValue](String json, JsonSerializerOptions options)
   at Mud.Feishu.Abstractions.EventHandlers.DefaultFeishuEventHandler`1.DeserializeEvent(EventData eventData) in d:\Repos\MudFeishu\Mud.Feishu.Abstractions\EventHandlers\DefaultFeishuEventHandler.cs:line 104
   at Mud.Feishu.Abstractions.EventHandlers.IdempotentFeishuEventHandler`1.HandleAsync(EventData eventData, CancellationToken cancellationToken) in d:\Repos\MudFeishu\Mud.Feishu.Abstractions\EventHandlers\IdempotentFeishuEventHandler.cs:line 67
   at Mud.Feishu.Abstractions.Tests.EventHandlers.IdempotentFeishuEventHandlerTests.HandleAsync_WhenDuplicate_ShouldSkipProcessing() in d:\Repos\MudFeishu\Tests\Mud.Feishu.Abstractions.Tests\EventHandlers\IdempotentFeishuEventHandlerTests.cs:line 109
--- End of stack trace from previous location ---
  Failed Mud.Feishu.Abstractions.Tests.EventHandlers.DefaultFeishuObjectEventHandlerTests.HandleAsync_ShouldHandleEmptyEvent_WhenEventIsNull [12 ms]
  Error Message:
   System.ArgumentNullException : Value cannot be null. (Parameter 'json')
  Stack Trace:
     at System.Text.Json.ThrowHelper.ThrowArgumentNullException(String parameterName)
   at System.Text.Json.JsonSerializer.Deserialize[TValue](String json, JsonSerializerOptions options)
   at Mud.Feishu.Abstractions.EventHandlers.DefaultFeishuEventHandler`1.DeserializeEvent(EventData eventData) in d:\Repos\MudFeishu\Mud.Feishu.Abstractions\EventHandlers\DefaultFeishuEventHandler.cs:line 104
   at Mud.Feishu.Abstractions.EventHandlers.DefaultFeishuEventHandler`1.HandleAsync(EventData eventData, CancellationToken cancellationToken) in d:\Repos\MudFeishu\Mud.Feishu.Abstractions\EventHandlers\DefaultFeishuEventHandler.cs:line 58
   at Mud.Feishu.Abstractions.Tests.EventHandlers.DefaultFeishuObjectEventHandlerTests.HandleAsync_ShouldHandleEmptyEvent_WhenEventIsNull() in d:\Repos\MudFeishu\Tests\Mud.Feishu.Abstractions.Tests\EventHandlers\DefaultFeishuObjectEventHandlerTests.cs:line 110
--- End of stack trace from previous location ---
[xUnit.net 00:00:01.86]     Mud.Feishu.Abstractions.Tests.EventHandlers.DefaultFeishuEventHandlerTests.HandleAsync_ShouldCallProcessBusinessLogic_WhenEventDataIsValid [FAIL]
[xUnit.net 00:00:01.87]     Mud.Feishu.Abstractions.Tests.MultiAppTests.MultiApp_DuplicateAppKeys_ShouldThrowOnRegistration [FAIL]
[xUnit.net 00:00:01.87]     Mud.Feishu.Abstractions.Tests.EventHandlers.DefaultFeishuObjectEventHandlerTests.HandleAsync_ShouldPropagateException_WhenBusinessLogicThrows [FAIL]
  Failed Mud.Feishu.Abstractions.Tests.EventHandlers.DefaultFeishuEventHandlerTests.HandleAsync_ShouldCallProcessBusinessLogic_WhenEventDataIsValid [56 ms]
  Error Message:
   System.InvalidOperationException : 事件数据格式无效
---- System.Text.Json.JsonException : 'S' is an invalid start of a value. Path: $ | LineNumber: 0 | BytePositionInLine: 0.
-------- System.Text.Json.JsonReaderException : 'S' is an invalid start of a value. LineNumber: 0 | BytePositionInLine: 0.
  Stack Trace:
     at Mud.Feishu.Abstractions.EventHandlers.DefaultFeishuEventHandler`1.HandleAsync(EventData eventData, CancellationToken cancellationToken) in d:\Repos\MudFeishu\Mud.Feishu.Abstractions\EventHandlers\DefaultFeishuEventHandler.cs:line 66
   at Mud.Feishu.Abstractions.Tests.EventHandlers.DefaultFeishuEventHandlerTests.HandleAsync_ShouldCallProcessBusinessLogic_WhenEventDataIsValid() in d:\Repos\MudFeishu\Tests\Mud.Feishu.Abstractions.Tests\EventHandlers\DefaultFeishuEventHandlerTests.cs:line 94
--- End of stack trace from previous location ---
----- Inner Stack Trace -----
   at System.Text.Json.ThrowHelper.ReThrowWithPath(ReadStack& state, JsonReaderException ex)
   at System.Text.Json.Serialization.JsonConverter`1.ReadCore(Utf8JsonReader& reader, JsonSerializerOptions options, ReadStack& state)
   at System.Text.Json.JsonSerializer.ReadFromSpan[TValue](ReadOnlySpan`1 utf8Json, JsonTypeInfo`1 jsonTypeInfo, Nullable`1 actualByteCount)
   at System.Text.Json.JsonSerializer.ReadFromSpan[TValue](ReadOnlySpan`1 json, JsonTypeInfo`1 jsonTypeInfo)
   at System.Text.Json.JsonSerializer.Deserialize[TValue](String json, JsonSerializerOptions options)
   at Mud.Feishu.Abstractions.EventHandlers.DefaultFeishuEventHandler`1.DeserializeEvent(EventData eventData) in d:\Repos\MudFeishu\Mud.Feishu.Abstractions\EventHandlers\DefaultFeishuEventHandler.cs:line 104
   at Mud.Feishu.Abstractions.EventHandlers.DefaultFeishuEventHandler`1.HandleAsync(EventData eventData, CancellationToken cancellationToken) in d:\Repos\MudFeishu\Mud.Feishu.Abstractions\EventHandlers\DefaultFeishuEventHandler.cs:line 58
----- Inner Stack Trace -----
   at System.Text.Json.ThrowHelper.ThrowJsonReaderException(Utf8JsonReader& json, ExceptionResource resource, Byte nextByte, ReadOnlySpan`1 bytes)
   at System.Text.Json.Utf8JsonReader.ConsumeValue(Byte marker)
   at System.Text.Json.Utf8JsonReader.ReadFirstToken(Byte first)
   at System.Text.Json.Utf8JsonReader.ReadSingleSegment()
   at System.Text.Json.Utf8JsonReader.Read()
   at System.Text.Json.Serialization.JsonConverter`1.ReadCore(Utf8JsonReader& reader, JsonSerializerOptions options, ReadStack& state)
  Failed Mud.Feishu.Abstractions.Tests.MultiAppTests.MultiApp_DuplicateAppKeys_ShouldThrowOnRegistration [1 ms]
  Error Message:
   Assert.Throws() Failure: No exception was thrown
Expected: typeof(System.InvalidOperationException)
  Stack Trace:
     at Mud.Feishu.Abstractions.Tests.MultiAppTests.MultiApp_DuplicateAppKeys_ShouldThrowOnRegistration() in d:\Repos\MudFeishu\Tests\Mud.Feishu.Abstractions.Tests\Authentication\MultiAppTests.cs:line 157
   at System.RuntimeMethodHandle.InvokeMethod(Object target, Void** arguments, Signature sig, Boolean isConstructor)
   at System.Reflection.MethodBaseInvoker.InvokeWithNoArgs(Object obj, BindingFlags invokeAttr)
  Failed Mud.Feishu.Abstractions.Tests.EventHandlers.DefaultFeishuObjectEventHandlerTests.HandleAsync_ShouldPropagateException_WhenBusinessLogicThrows [21 ms]
  Error Message:
   Assert.Equal() Failure: Strings differ
           ↓ (pos 0)
Expected: "Business logic error"
Actual:   "事件数据格式无效"
           ↑ (pos 0)
  Stack Trace:
     at Mud.Feishu.Abstractions.Tests.EventHandlers.DefaultFeishuObjectEventHandlerTests.HandleAsync_ShouldPropagateException_WhenBusinessLogicThrows() in d:\Repos\MudFeishu\Tests\Mud.Feishu.Abstractions.Tests\EventHandlers\DefaultFeishuObjectEventHandlerTests.cs:line 153
--- End of stack trace from previous location ---
[xUnit.net 00:00:01.87]     Mud.Feishu.Abstractions.Tests.Services.FeishuEventDeduplicatorTests.TryMarkAsProcessed_WhenDuplicateEvent_ShouldReturnTrue [FAIL]
[xUnit.net 00:00:01.87]     Mud.Feishu.Abstractions.Tests.EventHandlers.IdempotentFeishuEventHandlerTests.HandleAsync_WhenBusinessKeyIsEmpty_ShouldProcessWithoutDeduplication [FAIL]
[xUnit.net 00:00:01.88]     Mud.Feishu.Abstractions.Tests.EventHandlers.DefaultFeishuObjectEventHandlerTests.HandleAsync_ShouldCallProcessBusinessLogic_WhenEventDataIsValid [FAIL]
[xUnit.net 00:00:01.88]     Mud.Feishu.Abstractions.Tests.EventHandlers.IdempotentFeishuEventHandlerTests.HandleAsync_WhenFirstTime_ShouldProcessEvent [FAIL]
[xUnit.net 00:00:01.89]     Mud.Feishu.Abstractions.Tests.EventHandlers.DefaultFeishuEventHandlerTests.HandleAsync_ShouldLogError_WhenBusinessLogicThrowsException [FAIL]
  Failed Mud.Feishu.Abstractions.Tests.Services.FeishuEventDeduplicatorTests.TryMarkAsProcessed_WhenDuplicateEvent_ShouldReturnTrue [< 1 ms]
  Error Message:
   Assert.True() Failure
Expected: True
Actual:   False
  Stack Trace:
     at Mud.Feishu.Abstractions.Tests.Services.FeishuEventDeduplicatorTests.TryMarkAsProcessed_WhenDuplicateEvent_ShouldReturnTrue() in d:\Repos\MudFeishu\Tests\Mud.Feishu.Abstractions.Tests\Services\FeishuEventDeduplicatorTests.cs:line 43
   at System.RuntimeMethodHandle.InvokeMethod(Object target, Void** arguments, Signature sig, Boolean isConstructor)
   at System.Reflection.MethodBaseInvoker.InvokeWithNoArgs(Object obj, BindingFlags invokeAttr)
  Failed Mud.Feishu.Abstractions.Tests.EventHandlers.IdempotentFeishuEventHandlerTests.HandleAsync_WhenBusinessKeyIsEmpty_ShouldProcessWithoutDeduplication [28 ms]
  Error Message:
   System.Text.Json.JsonException : 'S' is an invalid start of a value. Path: $ | LineNumber: 0 | BytePositionInLine: 0.
---- System.Text.Json.JsonReaderException : 'S' is an invalid start of a value. LineNumber: 0 | BytePositionInLine: 0.
  Stack Trace:
     at System.Text.Json.ThrowHelper.ReThrowWithPath(ReadStack& state, JsonReaderException ex)
   at System.Text.Json.Serialization.JsonConverter`1.ReadCore(Utf8JsonReader& reader, JsonSerializerOptions options, ReadStack& state)
   at System.Text.Json.JsonSerializer.ReadFromSpan[TValue](ReadOnlySpan`1 utf8Json, JsonTypeInfo`1 jsonTypeInfo, Nullable`1 actualByteCount)
   at System.Text.Json.JsonSerializer.ReadFromSpan[TValue](ReadOnlySpan`1 json, JsonTypeInfo`1 jsonTypeInfo)
   at System.Text.Json.JsonSerializer.Deserialize[TValue](String json, JsonSerializerOptions options)
   at Mud.Feishu.Abstractions.EventHandlers.DefaultFeishuEventHandler`1.DeserializeEvent(EventData eventData) in d:\Repos\MudFeishu\Mud.Feishu.Abstractions\EventHandlers\DefaultFeishuEventHandler.cs:line 104
   at Mud.Feishu.Abstractions.EventHandlers.IdempotentFeishuEventHandler`1.HandleAsync(EventData eventData, CancellationToken cancellationToken) in d:\Repos\MudFeishu\Mud.Feishu.Abstractions\EventHandlers\IdempotentFeishuEventHandler.cs:line 67
   at Mud.Feishu.Abstractions.Tests.EventHandlers.IdempotentFeishuEventHandlerTests.HandleAsync_WhenBusinessKeyIsEmpty_ShouldProcessWithoutDeduplication() in d:\Repos\MudFeishu\Tests\Mud.Feishu.Abstractions.Tests\EventHandlers\IdempotentFeishuEventHandlerTests.cs:line 165
--- End of stack trace from previous location ---
----- Inner Stack Trace -----
   at System.Text.Json.ThrowHelper.ThrowJsonReaderException(Utf8JsonReader& json, ExceptionResource resource, Byte nextByte, ReadOnlySpan`1 bytes)
   at System.Text.Json.Utf8JsonReader.ConsumeValue(Byte marker)
   at System.Text.Json.Utf8JsonReader.ReadFirstToken(Byte first)
   at System.Text.Json.Utf8JsonReader.ReadSingleSegment()
   at System.Text.Json.Utf8JsonReader.Read()
   at System.Text.Json.Serialization.JsonConverter`1.ReadCore(Utf8JsonReader& reader, JsonSerializerOptions options, ReadStack& state)
  Failed Mud.Feishu.Abstractions.Tests.EventHandlers.DefaultFeishuObjectEventHandlerTests.HandleAsync_ShouldCallProcessBusinessLogic_WhenEventDataIsValid [1 ms]
  Error Message:
   System.InvalidOperationException : 事件数据格式无效
---- System.Text.Json.JsonException : 'S' is an invalid start of a value. Path: $ | LineNumber: 0 | BytePositionInLine: 0.
-------- System.Text.Json.JsonReaderException : 'S' is an invalid start of a value. LineNumber: 0 | BytePositionInLine: 0.
  Stack Trace:
     at Mud.Feishu.Abstractions.EventHandlers.DefaultFeishuEventHandler`1.HandleAsync(EventData eventData, CancellationToken cancellationToken) in d:\Repos\MudFeishu\Mud.Feishu.Abstractions\EventHandlers\DefaultFeishuEventHandler.cs:line 66
   at Mud.Feishu.Abstractions.Tests.EventHandlers.DefaultFeishuObjectEventHandlerTests.HandleAsync_ShouldCallProcessBusinessLogic_WhenEventDataIsValid() in d:\Repos\MudFeishu\Tests\Mud.Feishu.Abstractions.Tests\EventHandlers\DefaultFeishuObjectEventHandlerTests.cs:line 82
--- End of stack trace from previous location ---
----- Inner Stack Trace -----
   at System.Text.Json.ThrowHelper.ReThrowWithPath(ReadStack& state, JsonReaderException ex)
   at System.Text.Json.Serialization.JsonConverter`1.ReadCore(Utf8JsonReader& reader, JsonSerializerOptions options, ReadStack& state)
   at System.Text.Json.JsonSerializer.ReadFromSpan[TValue](ReadOnlySpan`1 utf8Json, JsonTypeInfo`1 jsonTypeInfo, Nullable`1 actualByteCount)
   at System.Text.Json.JsonSerializer.ReadFromSpan[TValue](ReadOnlySpan`1 json, JsonTypeInfo`1 jsonTypeInfo)
   at System.Text.Json.JsonSerializer.Deserialize[TValue](String json, JsonSerializerOptions options)
   at Mud.Feishu.Abstractions.EventHandlers.DefaultFeishuEventHandler`1.DeserializeEvent(EventData eventData) in d:\Repos\MudFeishu\Mud.Feishu.Abstractions\EventHandlers\DefaultFeishuEventHandler.cs:line 104
   at Mud.Feishu.Abstractions.EventHandlers.DefaultFeishuEventHandler`1.HandleAsync(EventData eventData, CancellationToken cancellationToken) in d:\Repos\MudFeishu\Mud.Feishu.Abstractions\EventHandlers\DefaultFeishuEventHandler.cs:line 58
----- Inner Stack Trace -----
   at System.Text.Json.ThrowHelper.ThrowJsonReaderException(Utf8JsonReader& json, ExceptionResource resource, Byte nextByte, ReadOnlySpan`1 bytes)
   at System.Text.Json.Utf8JsonReader.ConsumeValue(Byte marker)
   at System.Text.Json.Utf8JsonReader.ReadFirstToken(Byte first)
   at System.Text.Json.Utf8JsonReader.ReadSingleSegment()
   at System.Text.Json.Utf8JsonReader.Read()
   at System.Text.Json.Serialization.JsonConverter`1.ReadCore(Utf8JsonReader& reader, JsonSerializerOptions options, ReadStack& state)
  Failed Mud.Feishu.Abstractions.Tests.EventHandlers.IdempotentFeishuEventHandlerTests.HandleAsync_WhenFirstTime_ShouldProcessEvent [1 ms]
  Error Message:
   System.Text.Json.JsonException : 'S' is an invalid start of a value. Path: $ | LineNumber: 0 | BytePositionInLine: 0.
---- System.Text.Json.JsonReaderException : 'S' is an invalid start of a value. LineNumber: 0 | BytePositionInLine: 0.
  Stack Trace:
     at System.Text.Json.ThrowHelper.ReThrowWithPath(ReadStack& state, JsonReaderException ex)
   at System.Text.Json.Serialization.JsonConverter`1.ReadCore(Utf8JsonReader& reader, JsonSerializerOptions options, ReadStack& state)
   at System.Text.Json.JsonSerializer.ReadFromSpan[TValue](ReadOnlySpan`1 utf8Json, JsonTypeInfo`1 jsonTypeInfo, Nullable`1 actualByteCount)
   at System.Text.Json.JsonSerializer.ReadFromSpan[TValue](ReadOnlySpan`1 json, JsonTypeInfo`1 jsonTypeInfo)
   at System.Text.Json.JsonSerializer.Deserialize[TValue](String json, JsonSerializerOptions options)
   at Mud.Feishu.Abstractions.EventHandlers.DefaultFeishuEventHandler`1.DeserializeEvent(EventData eventData) in d:\Repos\MudFeishu\Mud.Feishu.Abstractions\EventHandlers\DefaultFeishuEventHandler.cs:line 104
   at Mud.Feishu.Abstractions.EventHandlers.IdempotentFeishuEventHandler`1.HandleAsync(EventData eventData, CancellationToken cancellationToken) in d:\Repos\MudFeishu\Mud.Feishu.Abstractions\EventHandlers\IdempotentFeishuEventHandler.cs:line 67
   at Mud.Feishu.Abstractions.Tests.EventHandlers.IdempotentFeishuEventHandlerTests.HandleAsync_WhenFirstTime_ShouldProcessEvent() in d:\Repos\MudFeishu\Tests\Mud.Feishu.Abstractions.Tests\EventHandlers\IdempotentFeishuEventHandlerTests.cs:line 86
--- End of stack trace from previous location ---
----- Inner Stack Trace -----
   at System.Text.Json.ThrowHelper.ThrowJsonReaderException(Utf8JsonReader& json, ExceptionResource resource, Byte nextByte, ReadOnlySpan`1 bytes)
   at System.Text.Json.Utf8JsonReader.ConsumeValue(Byte marker)
   at System.Text.Json.Utf8JsonReader.ReadFirstToken(Byte first)
   at System.Text.Json.Utf8JsonReader.ReadSingleSegment()
   at System.Text.Json.Utf8JsonReader.Read()
   at System.Text.Json.Serialization.JsonConverter`1.ReadCore(Utf8JsonReader& reader, JsonSerializerOptions options, ReadStack& state)
  Failed Mud.Feishu.Abstractions.Tests.EventHandlers.DefaultFeishuEventHandlerTests.HandleAsync_ShouldLogError_WhenBusinessLogicThrowsException [26 ms]
  Error Message:
   Assert.Equal() Failure: Strings differ
           ↓ (pos 0)
Expected: "Business logic error"
Actual:   "事件数据格式无效"
           ↑ (pos 0)
  Stack Trace:
     at Mud.Feishu.Abstractions.Tests.EventHandlers.DefaultFeishuEventHandlerTests.HandleAsync_ShouldLogError_WhenBusinessLogicThrowsException() in d:\Repos\MudFeishu\Tests\Mud.Feishu.Abstractions.Tests\EventHandlers\DefaultFeishuEventHandlerTests.cs:line 230
--- End of stack trace from previous location ---
[xUnit.net 00:00:01.89]     Mud.Feishu.Abstractions.Tests.EventHandlers.IdempotentFeishuEventHandlerTests.HandleAsync_WhenProcessingFails_ShouldRollback [FAIL]
[xUnit.net 00:00:01.89]     Mud.Feishu.Abstractions.Tests.MultiAppTests.MultiApp_NoDefaultApp_ShouldThrowOnRegistration [FAIL]
[xUnit.net 00:00:01.89]     Mud.Feishu.Abstractions.Tests.Extensions.FeishuServiceCollectionBuilderExtensionsTests.AddFeishuServices_ShouldThrowArgumentNullException_WhenCalledWithNullModules [FAIL]
  Failed Mud.Feishu.Abstractions.Tests.EventHandlers.IdempotentFeishuEventHandlerTests.HandleAsync_WhenProcessingFails_ShouldRollback [2 ms]
  Error Message:
   Assert.Throws() Failure: Exception type was not an exact match
Expected: typeof(System.InvalidOperationException)
Actual:   typeof(System.Text.Json.JsonException)
---- System.Text.Json.JsonException : 'S' is an invalid start of a value. Path: $ | LineNumber: 0 | BytePositionInLine: 0.
-------- System.Text.Json.JsonReaderException : 'S' is an invalid start of a value. LineNumber: 0 | BytePositionInLine: 0.
  Stack Trace:
     at Mud.Feishu.Abstractions.Tests.EventHandlers.IdempotentFeishuEventHandlerTests.HandleAsync_WhenProcessingFails_ShouldRollback() in d:\Repos\MudFeishu\Tests\Mud.Feishu.Abstractions.Tests\EventHandlers\IdempotentFeishuEventHandlerTests.cs:line 142
--- End of stack trace from previous location ---
----- Inner Stack Trace -----
   at System.Text.Json.ThrowHelper.ReThrowWithPath(ReadStack& state, JsonReaderException ex)
   at System.Text.Json.Serialization.JsonConverter`1.ReadCore(Utf8JsonReader& reader, JsonSerializerOptions options, ReadStack& state)
   at System.Text.Json.JsonSerializer.ReadFromSpan[TValue](ReadOnlySpan`1 utf8Json, JsonTypeInfo`1 jsonTypeInfo, Nullable`1 actualByteCount)
   at System.Text.Json.JsonSerializer.ReadFromSpan[TValue](ReadOnlySpan`1 json, JsonTypeInfo`1 jsonTypeInfo)
   at System.Text.Json.JsonSerializer.Deserialize[TValue](String json, JsonSerializerOptions options)
   at Mud.Feishu.Abstractions.EventHandlers.DefaultFeishuEventHandler`1.DeserializeEvent(EventData eventData) in d:\Repos\MudFeishu\Mud.Feishu.Abstractions\EventHandlers\DefaultFeishuEventHandler.cs:line 104
   at Mud.Feishu.Abstractions.EventHandlers.IdempotentFeishuEventHandler`1.HandleAsync(EventData eventData, CancellationToken cancellationToken) in d:\Repos\MudFeishu\Mud.Feishu.Abstractions\EventHandlers\IdempotentFeishuEventHandler.cs:line 67
----- Inner Stack Trace -----
   at System.Text.Json.ThrowHelper.ThrowJsonReaderException(Utf8JsonReader& json, ExceptionResource resource, Byte nextByte, ReadOnlySpan`1 bytes)
   at System.Text.Json.Utf8JsonReader.ConsumeValue(Byte marker)
   at System.Text.Json.Utf8JsonReader.ReadFirstToken(Byte first)
   at System.Text.Json.Utf8JsonReader.ReadSingleSegment()
   at System.Text.Json.Utf8JsonReader.Read()
   at System.Text.Json.Serialization.JsonConverter`1.ReadCore(Utf8JsonReader& reader, JsonSerializerOptions options, ReadStack& state)
  Failed Mud.Feishu.Abstractions.Tests.MultiAppTests.MultiApp_NoDefaultApp_ShouldThrowOnRegistration [< 1 ms]
  Error Message:
   Assert.Throws() Failure: No exception was thrown
Expected: typeof(System.InvalidOperationException)
  Stack Trace:
     at Mud.Feishu.Abstractions.Tests.MultiAppTests.MultiApp_NoDefaultApp_ShouldThrowOnRegistration() in d:\Repos\MudFeishu\Tests\Mud.Feishu.Abstractions.Tests\Authentication\MultiAppTests.cs:line 183
   at System.RuntimeMethodHandle.InvokeMethod(Object target, Void** arguments, Signature sig, Boolean isConstructor)
   at System.Reflection.MethodBaseInvoker.InvokeWithNoArgs(Object obj, BindingFlags invokeAttr)
  Failed Mud.Feishu.Abstractions.Tests.Extensions.FeishuServiceCollectionBuilderExtensionsTests.AddFeishuServices_ShouldThrowArgumentNullException_WhenCalledWithNullModules [3 ms]
  Error Message:
   Assert.Throws() Failure: Exception type was not an exact match
Expected: typeof(System.ArgumentNullException)
Actual:   typeof(System.ArgumentException)
---- System.ArgumentException : 至少需要指定一个模块 (Parameter 'modules')
  Stack Trace:
     at Mud.Feishu.Abstractions.Tests.Extensions.FeishuServiceCollectionBuilderExtensionsTests.AddFeishuServices_ShouldThrowArgumentNullException_WhenCalledWithNullModules() in d:\Repos\MudFeishu\Tests\Mud.Feishu.Abstractions.Tests\Extensions\FeishuServiceCollectionBuilderExtensionsTests.cs:line 67
   at System.RuntimeMethodHandle.InvokeMethod(Object target, Void** arguments, Signature sig, Boolean isConstructor)
   at System.Reflection.MethodBaseInvoker.InvokeWithNoArgs(Object obj, BindingFlags invokeAttr)
----- Inner Stack Trace -----
   at Microsoft.Extensions.DependencyInjection.FeishuServiceCollectionBuilderExtensions.AddFeishuServices(IServiceCollection services, FeishuModule[] modules) in d:\Repos\MudFeishu\Mud.Feishu\Extensions\FeishuServiceCollectionBuilderExtensions.cs:line 34
   at Mud.Feishu.Abstractions.Tests.Extensions.FeishuServiceCollectionBuilderExtensionsTests.<>c__DisplayClass2_0.<AddFeishuServices_ShouldThrowArgumentNullException_WhenCalledWithNullModules>b__0() in d:\Repos\MudFeishu\Tests\Mud.Feishu.Abstractions.Tests\Extensions\FeishuServiceCollectionBuilderExtensionsTests.cs:line 67
[xUnit.net 00:00:01.90]     Mud.Feishu.Abstractions.Tests.MultiAppTests.MultiApp_SensitiveDataToString_ShouldMaskSecret [FAIL]
  Failed Mud.Feishu.Abstractions.Tests.MultiAppTests.MultiApp_SensitiveDataToString_ShouldMaskSecret [1 ms]
  Error Message:
   Assert.Contains() Failure: Sub-string not found
String:    "FeishuAppConfig { AppKey: test-app, AppId"···
Not found: "te****45"
  Stack Trace:
     at Mud.Feishu.Abstractions.Tests.MultiAppTests.MultiApp_SensitiveDataToString_ShouldMaskSecret() in d:\Repos\MudFeishu\Tests\Mud.Feishu.Abstractions.Tests\Authentication\MultiAppTests.cs:line 130
   at System.RuntimeMethodHandle.InvokeMethod(Object target, Void** arguments, Signature sig, Boolean isConstructor)
   at System.Reflection.MethodBaseInvoker.InvokeWithNoArgs(Object obj, BindingFlags invokeAttr)
[xUnit.net 00:00:01.90]     Mud.Feishu.Abstractions.Tests.EventHandlers.DefaultFeishuEventHandlerTests.HandleAsync_ShouldLogInformation_WhenProcessingStarts [FAIL]
[xUnit.net 00:00:01.83]     Mud.Feishu.Abstractions.Tests.Extensions.FeishuServiceCollectionBuilderExtensionsTests.AddFeishuServices_ShouldThrowArgumentNullException_WhenCalledWithNullModules [FAIL]
[xUnit.net 00:00:01.85]     Mud.Feishu.Abstractions.Tests.Services.FeishuEventDeduplicatorTests.TryMarkAsProcessed_WhenNullOrEmptyEventId_ShouldReturnFalse [FAIL]
  Failed Mud.Feishu.Abstractions.Tests.Extensions.FeishuServiceCollectionBuilderExtensionsTests.AddFeishuServices_ShouldThrowArgumentNullException_WhenCalledWithNullModules [5 ms]
  Error Message:
   Assert.Throws() Failure: Exception type was not an exact match
Expected: typeof(System.ArgumentNullException)
Actual:   typeof(System.ArgumentException)
---- System.ArgumentException : 至少需要指定一个模块 (Parameter 'modules')
  Stack Trace:
     at Mud.Feishu.Abstractions.Tests.Extensions.FeishuServiceCollectionBuilderExtensionsTests.AddFeishuServices_ShouldThrowArgumentNullException_WhenCalledWithNullModules() in d:\Repos\MudFeishu\Tests\Mud.Feishu.Abstractions.Tests\Extensions\FeishuServiceCollectionBuilderExtensionsTests.cs:line 67
----- Inner Stack Trace -----
   at Microsoft.Extensions.DependencyInjection.FeishuServiceCollectionBuilderExtensions.AddFeishuServices(IServiceCollection services, FeishuModule[] modules) in d:\Repos\MudFeishu\Mud.Feishu\Extensions\FeishuServiceCollectionBuilderExtensions.cs:line 34
   at Mud.Feishu.Abstractions.Tests.Extensions.FeishuServiceCollectionBuilderExtensionsTests.<>c__DisplayClass2_0.<AddFeishuServices_ShouldThrowArgumentNullException_WhenCalledWithNullModules>b__0() in d:\Repos\MudFeishu\Tests\Mud.Feishu.Abstractions.Tests\Extensions\FeishuServiceCollectionBuilderExtensionsTests.cs:line 67
  Failed Mud.Feishu.Abstractions.Tests.Services.FeishuEventDeduplicatorTests.TryMarkAsProcessed_WhenNullOrEmptyEventId_ShouldReturnFalse [1 ms]
  Error Message:
   System.ArgumentNullException : Value cannot be null. (Parameter 'key')
  Stack Trace:
     at System.Collections.Generic.Dictionary`2.FindValue(TKey key)
   at System.Collections.Generic.Dictionary`2.ContainsKey(TKey key)
   at Mud.Feishu.Abstractions.Services.FeishuEventDeduplicator.TryMarkAsProcessed(String eventId) in d:\Repos\MudFeishu\Mud.Feishu.Abstractions\Services\FeishuEventDeduplicator.cs:line 68
   at Mud.Feishu.Abstractions.Tests.Services.FeishuEventDeduplicatorTests.TryMarkAsProcessed_WhenNullOrEmptyEventId_ShouldReturnFalse() in d:\Repos\MudFeishu\Tests\Mud.Feishu.Abstractions.Tests\Services\FeishuEventDeduplicatorTests.cs:line 219
[xUnit.net 00:00:01.85]     Mud.Feishu.Abstractions.Tests.EventHandlers.IdempotentFeishuEventHandlerTests.HandleAsync_WhenDuplicate_ShouldSkipProcessing [FAIL]
[xUnit.net 00:00:01.85]     Mud.Feishu.Abstractions.Tests.EventHandlers.DefaultFeishuObjectEventHandlerTests.HandleAsync_ShouldHandleEmptyEvent_WhenEventIsNull [FAIL]
  Failed Mud.Feishu.Abstractions.Tests.EventHandlers.IdempotentFeishuEventHandlerTests.HandleAsync_WhenDuplicate_ShouldSkipProcessing [422 ms]
  Error Message:
   System.ArgumentNullException : Value cannot be null. (Parameter 'json')
  Stack Trace:
     at System.Text.Json.JsonSerializer.Deserialize[TValue](String json, JsonSerializerOptions options)
   at Mud.Feishu.Abstractions.EventHandlers.DefaultFeishuEventHandler`1.DeserializeEvent(EventData eventData) in d:\Repos\MudFeishu\Mud.Feishu.Abstractions\EventHandlers\DefaultFeishuEventHandler.cs:line 104
   at Mud.Feishu.Abstractions.EventHandlers.IdempotentFeishuEventHandler`1.HandleAsync(EventData eventData, CancellationToken cancellationToken) in d:\Repos\MudFeishu\Mud.Feishu.Abstractions\EventHandlers\IdempotentFeishuEventHandler.cs:line 67
   at Mud.Feishu.Abstractions.Tests.EventHandlers.IdempotentFeishuEventHandlerTests.HandleAsync_WhenDuplicate_ShouldSkipProcessing() in d:\Repos\MudFeishu\Tests\Mud.Feishu.Abstractions.Tests\EventHandlers\IdempotentFeishuEventHandlerTests.cs:line 109
--- End of stack trace from previous location ---
  Failed Mud.Feishu.Abstractions.Tests.EventHandlers.DefaultFeishuObjectEventHandlerTests.HandleAsync_ShouldHandleEmptyEvent_WhenEventIsNull [428 ms]
  Error Message:
   System.ArgumentNullException : Value cannot be null. (Parameter 'json')
  Stack Trace:
     at System.Text.Json.JsonSerializer.Deserialize[TValue](String json, JsonSerializerOptions options)
   at Mud.Feishu.Abstractions.EventHandlers.DefaultFeishuEventHandler`1.DeserializeEvent(EventData eventData) in d:\Repos\MudFeishu\Mud.Feishu.Abstractions\EventHandlers\DefaultFeishuEventHandler.cs:line 104
   at Mud.Feishu.Abstractions.EventHandlers.DefaultFeishuEventHandler`1.HandleAsync(EventData eventData, CancellationToken cancellationToken) in d:\Repos\MudFeishu\Mud.Feishu.Abstractions\EventHandlers\DefaultFeishuEventHandler.cs:line 58
   at Mud.Feishu.Abstractions.Tests.EventHandlers.DefaultFeishuObjectEventHandlerTests.HandleAsync_ShouldHandleEmptyEvent_WhenEventIsNull() in d:\Repos\MudFeishu\Tests\Mud.Feishu.Abstractions.Tests\EventHandlers\DefaultFeishuObjectEventHandlerTests.cs:line 110
--- End of stack trace from previous location ---
[xUnit.net 00:00:01.85]     Mud.Feishu.Abstractions.Tests.Services.FeishuEventDeduplicatorTests.TryMarkAsProcessed_WhenDuplicateEvent_ShouldReturnTrue [FAIL]
[xUnit.net 00:00:01.86]     Mud.Feishu.Abstractions.Tests.EventHandlers.DefaultFeishuEventHandlerTests.HandleAsync_ShouldCallProcessBusinessLogic_WhenEventDataIsValid [FAIL]
[xUnit.net 00:00:01.87]     Mud.Feishu.Abstractions.Tests.EventHandlers.DefaultFeishuObjectEventHandlerTests.HandleAsync_ShouldPropagateException_WhenBusinessLogicThrows [FAIL]
  Failed Mud.Feishu.Abstractions.Tests.Services.FeishuEventDeduplicatorTests.TryMarkAsProcessed_WhenDuplicateEvent_ShouldReturnTrue [< 1 ms]
  Error Message:
   Assert.True() Failure
Expected: True
Actual:   False
  Stack Trace:
     at Mud.Feishu.Abstractions.Tests.Services.FeishuEventDeduplicatorTests.TryMarkAsProcessed_WhenDuplicateEvent_ShouldReturnTrue() in d:\Repos\MudFeishu\Tests\Mud.Feishu.Abstractions.Tests\Services\FeishuEventDeduplicatorTests.cs:line 43
  Failed Mud.Feishu.Abstractions.Tests.EventHandlers.DefaultFeishuEventHandlerTests.HandleAsync_ShouldCallProcessBusinessLogic_WhenEventDataIsValid [43 ms]
  Error Message:
   System.InvalidOperationException : 事件数据格式无效
---- System.Text.Json.JsonException : 'S' is an invalid start of a value. Path: $ | LineNumber: 0 | BytePositionInLine: 0.
-------- System.Text.Json.JsonReaderException : 'S' is an invalid start of a value. LineNumber: 0 | BytePositionInLine: 0.
  Stack Trace:
     at Mud.Feishu.Abstractions.EventHandlers.DefaultFeishuEventHandler`1.HandleAsync(EventData eventData, CancellationToken cancellationToken) in d:\Repos\MudFeishu\Mud.Feishu.Abstractions\EventHandlers\DefaultFeishuEventHandler.cs:line 66
   at Mud.Feishu.Abstractions.Tests.EventHandlers.DefaultFeishuEventHandlerTests.HandleAsync_ShouldCallProcessBusinessLogic_WhenEventDataIsValid() in d:\Repos\MudFeishu\Tests\Mud.Feishu.Abstractions.Tests\EventHandlers\DefaultFeishuEventHandlerTests.cs:line 94
--- End of stack trace from previous location ---
----- Inner Stack Trace -----
   at System.Text.Json.ThrowHelper.ReThrowWithPath(ReadStack& state, JsonReaderException ex)
   at System.Text.Json.Serialization.JsonConverter`1.ReadCore(Utf8JsonReader& reader, JsonSerializerOptions options, ReadStack& state)
   at System.Text.Json.JsonSerializer.ReadFromSpan[TValue](ReadOnlySpan`1 utf8Json, JsonTypeInfo jsonTypeInfo, Nullable`1 actualByteCount)
   at System.Text.Json.JsonSerializer.ReadFromSpan[TValue](ReadOnlySpan`1 json, JsonTypeInfo jsonTypeInfo)
   at System.Text.Json.JsonSerializer.Deserialize[TValue](String json, JsonSerializerOptions options)
   at Mud.Feishu.Abstractions.EventHandlers.DefaultFeishuEventHandler`1.DeserializeEvent(EventData eventData) in d:\Repos\MudFeishu\Mud.Feishu.Abstractions\EventHandlers\DefaultFeishuEventHandler.cs:line 104
   at Mud.Feishu.Abstractions.EventHandlers.DefaultFeishuEventHandler`1.HandleAsync(EventData eventData, CancellationToken cancellationToken) in d:\Repos\MudFeishu\Mud.Feishu.Abstractions\EventHandlers\DefaultFeishuEventHandler.cs:line 58
----- Inner Stack Trace -----
   at System.Text.Json.ThrowHelper.ThrowJsonReaderException(Utf8JsonReader& json, ExceptionResource resource, Byte nextByte, ReadOnlySpan`1 bytes)
   at System.Text.Json.Utf8JsonReader.ConsumeValue(Byte marker)
   at System.Text.Json.Utf8JsonReader.ReadFirstToken(Byte first)
   at System.Text.Json.Utf8JsonReader.ReadSingleSegment()
   at System.Text.Json.Utf8JsonReader.Read()
   at System.Text.Json.Serialization.JsonConverter`1.ReadCore(Utf8JsonReader& reader, JsonSerializerOptions options, ReadStack& state)
  Failed Mud.Feishu.Abstractions.Tests.EventHandlers.DefaultFeishuObjectEventHandlerTests.HandleAsync_ShouldPropagateException_WhenBusinessLogicThrows [14 ms]
  Error Message:
   Assert.Equal() Failure: Strings differ
           ↓ (pos 0)
Expected: "Business logic error"
Actual:   "事件数据格式无效"
           ↑ (pos 0)
  Stack Trace:
     at Mud.Feishu.Abstractions.Tests.EventHandlers.DefaultFeishuObjectEventHandlerTests.HandleAsync_ShouldPropagateException_WhenBusinessLogicThrows() in d:\Repos\MudFeishu\Tests\Mud.Feishu.Abstractions.Tests\EventHandlers\DefaultFeishuObjectEventHandlerTests.cs:line 153
--- End of stack trace from previous location ---
[xUnit.net 00:00:01.87]     Mud.Feishu.Abstractions.Tests.EventHandlers.DefaultFeishuEventHandlerTests.HandleAsync_ShouldLogError_WhenBusinessLogicThrowsException [FAIL]
[xUnit.net 00:00:01.87]     Mud.Feishu.Abstractions.Tests.EventHandlers.IdempotentFeishuEventHandlerTests.HandleAsync_WhenBusinessKeyIsEmpty_ShouldProcessWithoutDeduplication [FAIL]
[xUnit.net 00:00:01.87]     Mud.Feishu.Abstractions.Tests.EventHandlers.DefaultFeishuObjectEventHandlerTests.HandleAsync_ShouldCallProcessBusinessLogic_WhenEventDataIsValid [FAIL]
  Failed Mud.Feishu.Abstractions.Tests.EventHandlers.DefaultFeishuEventHandlerTests.HandleAsync_ShouldLogError_WhenBusinessLogicThrowsException [6 ms]
  Error Message:
   Assert.Equal() Failure: Strings differ
           ↓ (pos 0)
Expected: "Business logic error"
Actual:   "事件数据格式无效"
           ↑ (pos 0)
  Stack Trace:
     at Mud.Feishu.Abstractions.Tests.EventHandlers.DefaultFeishuEventHandlerTests.HandleAsync_ShouldLogError_WhenBusinessLogicThrowsException() in d:\Repos\MudFeishu\Tests\Mud.Feishu.Abstractions.Tests\EventHandlers\DefaultFeishuEventHandlerTests.cs:line 230
--- End of stack trace from previous location ---
  Failed Mud.Feishu.Abstractions.Tests.EventHandlers.IdempotentFeishuEventHandlerTests.HandleAsync_WhenBusinessKeyIsEmpty_ShouldProcessWithoutDeduplication [20 ms]
  Error Message:
   System.Text.Json.JsonException : 'S' is an invalid start of a value. Path: $ | LineNumber: 0 | BytePositionInLine: 0.
---- System.Text.Json.JsonReaderException : 'S' is an invalid start of a value. LineNumber: 0 | BytePositionInLine: 0.
  Stack Trace:
     at System.Text.Json.ThrowHelper.ReThrowWithPath(ReadStack& state, JsonReaderException ex)
   at System.Text.Json.Serialization.JsonConverter`1.ReadCore(Utf8JsonReader& reader, JsonSerializerOptions options, ReadStack& state)
   at System.Text.Json.JsonSerializer.ReadFromSpan[TValue](ReadOnlySpan`1 utf8Json, JsonTypeInfo jsonTypeInfo, Nullable`1 actualByteCount)
   at System.Text.Json.JsonSerializer.ReadFromSpan[TValue](ReadOnlySpan`1 json, JsonTypeInfo jsonTypeInfo)
   at System.Text.Json.JsonSerializer.Deserialize[TValue](String json, JsonSerializerOptions options)
   at Mud.Feishu.Abstractions.EventHandlers.DefaultFeishuEventHandler`1.DeserializeEvent(EventData eventData) in d:\Repos\MudFeishu\Mud.Feishu.Abstractions\EventHandlers\DefaultFeishuEventHandler.cs:line 104
   at Mud.Feishu.Abstractions.EventHandlers.IdempotentFeishuEventHandler`1.HandleAsync(EventData eventData, CancellationToken cancellationToken) in d:\Repos\MudFeishu\Mud.Feishu.Abstractions\EventHandlers\IdempotentFeishuEventHandler.cs:line 67
   at Mud.Feishu.Abstractions.Tests.EventHandlers.IdempotentFeishuEventHandlerTests.HandleAsync_WhenBusinessKeyIsEmpty_ShouldProcessWithoutDeduplication() in d:\Repos\MudFeishu\Tests\Mud.Feishu.Abstractions.Tests\EventHandlers\IdempotentFeishuEventHandlerTests.cs:line 165
--- End of stack trace from previous location ---
----- Inner Stack Trace -----
   at System.Text.Json.ThrowHelper.ThrowJsonReaderException(Utf8JsonReader& json, ExceptionResource resource, Byte nextByte, ReadOnlySpan`1 bytes)
   at System.Text.Json.Utf8JsonReader.ConsumeValue(Byte marker)
   at System.Text.Json.Utf8JsonReader.ReadFirstToken(Byte first)
   at System.Text.Json.Utf8JsonReader.ReadSingleSegment()
   at System.Text.Json.Utf8JsonReader.Read()
   at System.Text.Json.Serialization.JsonConverter`1.ReadCore(Utf8JsonReader& reader, JsonSerializerOptions options, ReadStack& state)
  Failed Mud.Feishu.Abstractions.Tests.EventHandlers.DefaultFeishuObjectEventHandlerTests.HandleAsync_ShouldCallProcessBusinessLogic_WhenEventDataIsValid [3 ms]
  Error Message:
   System.InvalidOperationException : 事件数据格式无效
---- System.Text.Json.JsonException : 'S' is an invalid start of a value. Path: $ | LineNumber: 0 | BytePositionInLine: 0.
-------- System.Text.Json.JsonReaderException : 'S' is an invalid start of a value. LineNumber: 0 | BytePositionInLine: 0.
  Stack Trace:
     at Mud.Feishu.Abstractions.EventHandlers.DefaultFeishuEventHandler`1.HandleAsync(EventData eventData, CancellationToken cancellationToken) in d:\Repos\MudFeishu\Mud.Feishu.Abstractions\EventHandlers\DefaultFeishuEventHandler.cs:line 66
   at Mud.Feishu.Abstractions.Tests.EventHandlers.DefaultFeishuObjectEventHandlerTests.HandleAsync_ShouldCallProcessBusinessLogic_WhenEventDataIsValid() in d:\Repos\MudFeishu\Tests\Mud.Feishu.Abstractions.Tests\EventHandlers\DefaultFeishuObjectEventHandlerTests.cs:line 82
--- End of stack trace from previous location ---
----- Inner Stack Trace -----
   at System.Text.Json.ThrowHelper.ReThrowWithPath(ReadStack& state, JsonReaderException ex)
   at System.Text.Json.Serialization.JsonConverter`1.ReadCore(Utf8JsonReader& reader, JsonSerializerOptions options, ReadStack& state)
   at System.Text.Json.JsonSerializer.ReadFromSpan[TValue](ReadOnlySpan`1 utf8Json, JsonTypeInfo jsonTypeInfo, Nullable`1 actualByteCount)
   at System.Text.Json.JsonSerializer.ReadFromSpan[TValue](ReadOnlySpan`1 json, JsonTypeInfo jsonTypeInfo)
   at System.Text.Json.JsonSerializer.Deserialize[TValue](String json, JsonSerializerOptions options)
   at Mud.Feishu.Abstractions.EventHandlers.DefaultFeishuEventHandler`1.DeserializeEvent(EventData eventData) in d:\Repos\MudFeishu\Mud.Feishu.Abstractions\EventHandlers\DefaultFeishuEventHandler.cs:line 104
   at Mud.Feishu.Abstractions.EventHandlers.DefaultFeishuEventHandler`1.HandleAsync(EventData eventData, CancellationToken cancellationToken) in d:\Repos\MudFeishu\Mud.Feishu.Abstractions\EventHandlers\DefaultFeishuEventHandler.cs:line 58
----- Inner Stack Trace -----
   at System.Text.Json.ThrowHelper.ThrowJsonReaderException(Utf8JsonReader& json, ExceptionResource resource, Byte nextByte, ReadOnlySpan`1 bytes)
   at System.Text.Json.Utf8JsonReader.ConsumeValue(Byte marker)
   at System.Text.Json.Utf8JsonReader.ReadFirstToken(Byte first)
   at System.Text.Json.Utf8JsonReader.ReadSingleSegment()
   at System.Text.Json.Utf8JsonReader.Read()
   at System.Text.Json.Serialization.JsonConverter`1.ReadCore(Utf8JsonReader& reader, JsonSerializerOptions options, ReadStack& state)
[xUnit.net 00:00:01.88]     Mud.Feishu.Abstractions.Tests.EventHandlers.IdempotentFeishuEventHandlerTests.HandleAsync_WhenFirstTime_ShouldProcessEvent [FAIL]
[xUnit.net 00:00:01.88]     Mud.Feishu.Abstractions.Tests.EventHandlers.IdempotentFeishuEventHandlerTests.HandleAsync_WhenProcessingFails_ShouldRollback [FAIL]
[xUnit.net 00:00:01.88]     Mud.Feishu.Abstractions.Tests.EventHandlers.DefaultFeishuEventHandlerTests.HandleAsync_ShouldLogInformation_WhenProcessingStarts [FAIL]
  Failed Mud.Feishu.Abstractions.Tests.EventHandlers.IdempotentFeishuEventHandlerTests.HandleAsync_WhenFirstTime_ShouldProcessEvent [2 ms]
  Error Message:
   System.Text.Json.JsonException : 'S' is an invalid start of a value. Path: $ | LineNumber: 0 | BytePositionInLine: 0.
---- System.Text.Json.JsonReaderException : 'S' is an invalid start of a value. LineNumber: 0 | BytePositionInLine: 0.
  Stack Trace:
     at System.Text.Json.ThrowHelper.ReThrowWithPath(ReadStack& state, JsonReaderException ex)
   at System.Text.Json.Serialization.JsonConverter`1.ReadCore(Utf8JsonReader& reader, JsonSerializerOptions options, ReadStack& state)
   at System.Text.Json.JsonSerializer.ReadFromSpan[TValue](ReadOnlySpan`1 utf8Json, JsonTypeInfo jsonTypeInfo, Nullable`1 actualByteCount)
   at System.Text.Json.JsonSerializer.ReadFromSpan[TValue](ReadOnlySpan`1 json, JsonTypeInfo jsonTypeInfo)
   at System.Text.Json.JsonSerializer.Deserialize[TValue](String json, JsonSerializerOptions options)
   at Mud.Feishu.Abstractions.EventHandlers.DefaultFeishuEventHandler`1.DeserializeEvent(EventData eventData) in d:\Repos\MudFeishu\Mud.Feishu.Abstractions\EventHandlers\DefaultFeishuEventHandler.cs:line 104
   at Mud.Feishu.Abstractions.EventHandlers.IdempotentFeishuEventHandler`1.HandleAsync(EventData eventData, CancellationToken cancellationToken) in d:\Repos\MudFeishu\Mud.Feishu.Abstractions\EventHandlers\IdempotentFeishuEventHandler.cs:line 67
   at Mud.Feishu.Abstractions.Tests.EventHandlers.IdempotentFeishuEventHandlerTests.HandleAsync_WhenFirstTime_ShouldProcessEvent() in d:\Repos\MudFeishu\Tests\Mud.Feishu.Abstractions.Tests\EventHandlers\IdempotentFeishuEventHandlerTests.cs:line 86
--- End of stack trace from previous location ---
----- Inner Stack Trace -----
   at System.Text.Json.ThrowHelper.ThrowJsonReaderException(Utf8JsonReader& json, ExceptionResource resource, Byte nextByte, ReadOnlySpan`1 bytes)
   at System.Text.Json.Utf8JsonReader.ConsumeValue(Byte marker)
   at System.Text.Json.Utf8JsonReader.ReadFirstToken(Byte first)
   at System.Text.Json.Utf8JsonReader.ReadSingleSegment()
   at System.Text.Json.Utf8JsonReader.Read()
   at System.Text.Json.Serialization.JsonConverter`1.ReadCore(Utf8JsonReader& reader, JsonSerializerOptions options, ReadStack& state)
  Failed Mud.Feishu.Abstractions.Tests.EventHandlers.IdempotentFeishuEventHandlerTests.HandleAsync_WhenProcessingFails_ShouldRollback [3 ms]
  Error Message:
   Assert.Throws() Failure: Exception type was not an exact match
Expected: typeof(System.InvalidOperationException)
Actual:   typeof(System.Text.Json.JsonException)
---- System.Text.Json.JsonException : 'S' is an invalid start of a value. Path: $ | LineNumber: 0 | BytePositionInLine: 0.
-------- System.Text.Json.JsonReaderException : 'S' is an invalid start of a value. LineNumber: 0 | BytePositionInLine: 0.
  Stack Trace:
     at Mud.Feishu.Abstractions.Tests.EventHandlers.IdempotentFeishuEventHandlerTests.HandleAsync_WhenProcessingFails_ShouldRollback() in d:\Repos\MudFeishu\Tests\Mud.Feishu.Abstractions.Tests\EventHandlers\IdempotentFeishuEventHandlerTests.cs:line 142
--- End of stack trace from previous location ---
----- Inner Stack Trace -----
   at System.Text.Json.ThrowHelper.ReThrowWithPath(ReadStack& state, JsonReaderException ex)
   at System.Text.Json.Serialization.JsonConverter`1.ReadCore(Utf8JsonReader& reader, JsonSerializerOptions options, ReadStack& state)
   at System.Text.Json.JsonSerializer.ReadFromSpan[TValue](ReadOnlySpan`1 utf8Json, JsonTypeInfo jsonTypeInfo, Nullable`1 actualByteCount)
   at System.Text.Json.JsonSerializer.ReadFromSpan[TValue](ReadOnlySpan`1 json, JsonTypeInfo jsonTypeInfo)
   at System.Text.Json.JsonSerializer.Deserialize[TValue](String json, JsonSerializerOptions options)
   at Mud.Feishu.Abstractions.EventHandlers.DefaultFeishuEventHandler`1.DeserializeEvent(EventData eventData) in d:\Repos\MudFeishu\Mud.Feishu.Abstractions\EventHandlers\DefaultFeishuEventHandler.cs:line 104
   at Mud.Feishu.Abstractions.EventHandlers.IdempotentFeishuEventHandler`1.HandleAsync(EventData eventData, CancellationToken cancellationToken) in d:\Repos\MudFeishu\Mud.Feishu.Abstractions\EventHandlers\IdempotentFeishuEventHandler.cs:line 67
----- Inner Stack Trace -----
   at System.Text.Json.ThrowHelper.ThrowJsonReaderException(Utf8JsonReader& json, ExceptionResource resource, Byte nextByte, ReadOnlySpan`1 bytes)
   at System.Text.Json.Utf8JsonReader.ConsumeValue(Byte marker)
   at System.Text.Json.Utf8JsonReader.ReadFirstToken(Byte first)
   at System.Text.Json.Utf8JsonReader.ReadSingleSegment()
   at System.Text.Json.Utf8JsonReader.Read()
   at System.Text.Json.Serialization.JsonConverter`1.ReadCore(Utf8JsonReader& reader, JsonSerializerOptions options, ReadStack& state)
  Failed Mud.Feishu.Abstractions.Tests.EventHandlers.DefaultFeishuEventHandlerTests.HandleAsync_ShouldLogInformation_WhenProcessingStarts [3 ms]
  Error Message:
   System.InvalidOperationException : 事件数据格式无效
---- System.Text.Json.JsonException : 'S' is an invalid start of a value. Path: $ | LineNumber: 0 | BytePositionInLine: 0.
-------- System.Text.Json.JsonReaderException : 'S' is an invalid start of a value. LineNumber: 0 | BytePositionInLine: 0.
  Stack Trace:
     at Mud.Feishu.Abstractions.EventHandlers.DefaultFeishuEventHandler`1.HandleAsync(EventData eventData, CancellationToken cancellationToken) in d:\Repos\MudFeishu\Mud.Feishu.Abstractions\EventHandlers\DefaultFeishuEventHandler.cs:line 66
   at Mud.Feishu.Abstractions.Tests.EventHandlers.DefaultFeishuEventHandlerTests.HandleAsync_ShouldLogInformation_WhenProcessingStarts() in d:\Repos\MudFeishu\Tests\Mud.Feishu.Abstractions.Tests\EventHandlers\DefaultFeishuEventHandlerTests.cs:line 189
--- End of stack trace from previous location ---
----- Inner Stack Trace -----
   at System.Text.Json.ThrowHelper.ReThrowWithPath(ReadStack& state, JsonReaderException ex)
   at System.Text.Json.Serialization.JsonConverter`1.ReadCore(Utf8JsonReader& reader, JsonSerializerOptions options, ReadStack& state)
   at System.Text.Json.JsonSerializer.ReadFromSpan[TValue](ReadOnlySpan`1 utf8Json, JsonTypeInfo jsonTypeInfo, Nullable`1 actualByteCount)
   at System.Text.Json.JsonSerializer.ReadFromSpan[TValue](ReadOnlySpan`1 json, JsonTypeInfo jsonTypeInfo)
   at System.Text.Json.JsonSerializer.Deserialize[TValue](String json, JsonSerializerOptions options)
   at Mud.Feishu.Abstractions.EventHandlers.DefaultFeishuEventHandler`1.DeserializeEvent(EventData eventData) in d:\Repos\MudFeishu\Mud.Feishu.Abstractions\EventHandlers\DefaultFeishuEventHandler.cs:line 104
   at Mud.Feishu.Abstractions.EventHandlers.DefaultFeishuEventHandler`1.HandleAsync(EventData eventData, CancellationToken cancellationToken) in d:\Repos\MudFeishu\Mud.Feishu.Abstractions\EventHandlers\DefaultFeishuEventHandler.cs:line 58
----- Inner Stack Trace -----
   at System.Text.Json.ThrowHelper.ThrowJsonReaderException(Utf8JsonReader& json, ExceptionResource resource, Byte nextByte, ReadOnlySpan`1 bytes)
   at System.Text.Json.Utf8JsonReader.ConsumeValue(Byte marker)
   at System.Text.Json.Utf8JsonReader.ReadFirstToken(Byte first)
   at System.Text.Json.Utf8JsonReader.ReadSingleSegment()
   at System.Text.Json.Utf8JsonReader.Read()
   at System.Text.Json.Serialization.JsonConverter`1.ReadCore(Utf8JsonReader& reader, JsonSerializerOptions options, ReadStack& state)
[xUnit.net 00:00:01.90]     Mud.Feishu.Abstractions.Tests.MultiAppTests.MultiApp_DuplicateAppKeys_ShouldThrowOnRegistration [FAIL]
[xUnit.net 00:00:01.91]     Mud.Feishu.Abstractions.Tests.MultiAppTests.MultiApp_NoDefaultApp_ShouldThrowOnRegistration [FAIL]
[xUnit.net 00:00:01.92]     Mud.Feishu.Abstractions.Tests.MultiAppTests.MultiApp_SensitiveDataToString_ShouldMaskSecret [FAIL]
  Failed Mud.Feishu.Abstractions.Tests.MultiAppTests.MultiApp_DuplicateAppKeys_ShouldThrowOnRegistration [< 1 ms]
  Error Message:
   Assert.Throws() Failure: No exception was thrown
Expected: typeof(System.InvalidOperationException)
  Stack Trace:
     at Mud.Feishu.Abstractions.Tests.MultiAppTests.MultiApp_DuplicateAppKeys_ShouldThrowOnRegistration() in d:\Repos\MudFeishu\Tests\Mud.Feishu.Abstractions.Tests\Authentication\MultiAppTests.cs:line 157
  Failed Mud.Feishu.Abstractions.Tests.MultiAppTests.MultiApp_NoDefaultApp_ShouldThrowOnRegistration [< 1 ms]
  Error Message:
   Assert.Throws() Failure: No exception was thrown
Expected: typeof(System.InvalidOperationException)
  Stack Trace:
     at Mud.Feishu.Abstractions.Tests.MultiAppTests.MultiApp_NoDefaultApp_ShouldThrowOnRegistration() in d:\Repos\MudFeishu\Tests\Mud.Feishu.Abstractions.Tests\Authentication\MultiAppTests.cs:line 183
  Failed Mud.Feishu.Abstractions.Tests.MultiAppTests.MultiApp_SensitiveDataToString_ShouldMaskSecret [1 ms]
  Error Message:
   Assert.Contains() Failure: Sub-string not found
String:    "FeishuAppConfig { AppKey: test-app, AppId"···
Not found: "te****45"
  Stack Trace:
     at Mud.Feishu.Abstractions.Tests.MultiAppTests.MultiApp_SensitiveDataToString_ShouldMaskSecret() in d:\Repos\MudFeishu\Tests\Mud.Feishu.Abstractions.Tests\Authentication\MultiAppTests.cs:line 130
  Failed Mud.Feishu.Abstractions.Tests.EventHandlers.DefaultFeishuEventHandlerTests.HandleAsync_ShouldLogInformation_WhenProcessingStarts [1 ms]
  Error Message:
   System.InvalidOperationException : 事件数据格式无效
---- System.Text.Json.JsonException : 'S' is an invalid start of a value. Path: $ | LineNumber: 0 | BytePositionInLine: 0.
-------- System.Text.Json.JsonReaderException : 'S' is an invalid start of a value. LineNumber: 0 | BytePositionInLine: 0.
  Stack Trace:
     at Mud.Feishu.Abstractions.EventHandlers.DefaultFeishuEventHandler`1.HandleAsync(EventData eventData, CancellationToken cancellationToken) in d:\Repos\MudFeishu\Mud.Feishu.Abstractions\EventHandlers\DefaultFeishuEventHandler.cs:line 66
   at Mud.Feishu.Abstractions.Tests.EventHandlers.DefaultFeishuEventHandlerTests.HandleAsync_ShouldLogInformation_WhenProcessingStarts() in d:\Repos\MudFeishu\Tests\Mud.Feishu.Abstractions.Tests\EventHandlers\DefaultFeishuEventHandlerTests.cs:line 189
--- End of stack trace from previous location ---
----- Inner Stack Trace -----
   at System.Text.Json.ThrowHelper.ReThrowWithPath(ReadStack& state, JsonReaderException ex)
   at System.Text.Json.Serialization.JsonConverter`1.ReadCore(Utf8JsonReader& reader, JsonSerializerOptions options, ReadStack& state)
   at System.Text.Json.JsonSerializer.ReadFromSpan[TValue](ReadOnlySpan`1 utf8Json, JsonTypeInfo`1 jsonTypeInfo, Nullable`1 actualByteCount)
   at System.Text.Json.JsonSerializer.ReadFromSpan[TValue](ReadOnlySpan`1 json, JsonTypeInfo`1 jsonTypeInfo)
   at System.Text.Json.JsonSerializer.Deserialize[TValue](String json, JsonSerializerOptions options)
   at Mud.Feishu.Abstractions.EventHandlers.DefaultFeishuEventHandler`1.DeserializeEvent(EventData eventData) in d:\Repos\MudFeishu\Mud.Feishu.Abstractions\EventHandlers\DefaultFeishuEventHandler.cs:line 104
   at Mud.Feishu.Abstractions.EventHandlers.DefaultFeishuEventHandler`1.HandleAsync(EventData eventData, CancellationToken cancellationToken) in d:\Repos\MudFeishu\Mud.Feishu.Abstractions\EventHandlers\DefaultFeishuEventHandler.cs:line 58
----- Inner Stack Trace -----
   at System.Text.Json.ThrowHelper.ThrowJsonReaderException(Utf8JsonReader& json, ExceptionResource resource, Byte nextByte, ReadOnlySpan`1 bytes)
   at System.Text.Json.Utf8JsonReader.ConsumeValue(Byte marker)
   at System.Text.Json.Utf8JsonReader.ReadFirstToken(Byte first)
   at System.Text.Json.Utf8JsonReader.ReadSingleSegment()
   at System.Text.Json.Utf8JsonReader.Read()
   at System.Text.Json.Serialization.JsonConverter`1.ReadCore(Utf8JsonReader& reader, JsonSerializerOptions options, ReadStack& state)
[xUnit.net 00:00:04.35]     Mud.Feishu.Abstractions.Tests.Authentication.TokenManager.AppTokenManagerTests.GetTokenAsync_ShouldThrowFeishuException_WhenHttpRequestException [FAIL]
  Failed Mud.Feishu.Abstractions.Tests.Authentication.TokenManager.AppTokenManagerTests.GetTokenAsync_ShouldThrowFeishuException_WhenHttpRequestException [3 s]
  Error Message:
   Assert.Contains() Failure: Sub-string not found
String:    "Failed to acquire AppAccessToken after 2 "···
Not found: "Network error"
  Stack Trace:
     at Mud.Feishu.Abstractions.Tests.Authentication.TokenManager.AppTokenManagerTests.GetTokenAsync_ShouldThrowFeishuException_WhenHttpRequestException() in d:\Repos\MudFeishu\Tests\Mud.Feishu.Abstractions.Tests\Authentication\TokenManager\AppTokenManagerTests.cs:line 195
--- End of stack trace from previous location ---
[xUnit.net 00:00:04.65]     Mud.Feishu.Abstractions.Tests.Authentication.TokenManager.AppTokenManagerTests.GetTokenAsync_ShouldThrowFeishuException_WhenHttpRequestException [FAIL]
  Failed Mud.Feishu.Abstractions.Tests.Authentication.TokenManager.AppTokenManagerTests.GetTokenAsync_ShouldThrowFeishuException_WhenHttpRequestException [3 s]
  Error Message:
   Assert.Contains() Failure: Sub-string not found
String:    "Failed to acquire AppAccessToken after 2 "···
Not found: "Network error"
  Stack Trace:
     at Mud.Feishu.Abstractions.Tests.Authentication.TokenManager.AppTokenManagerTests.GetTokenAsync_ShouldThrowFeishuException_WhenHttpRequestException() in d:\Repos\MudFeishu\Tests\Mud.Feishu.Abstractions.Tests\Authentication\TokenManager\AppTokenManagerTests.cs:line 195
--- End of stack trace from previous location ---
[xUnit.net 00:00:04.85]     Mud.Feishu.Abstractions.Tests.Authentication.TokenManager.AppTokenManagerTests.GetTokenAsync_ShouldThrowFeishuException_WhenHttpRequestException [FAIL]
  Failed Mud.Feishu.Abstractions.Tests.Authentication.TokenManager.AppTokenManagerTests.GetTokenAsync_ShouldThrowFeishuException_WhenHttpRequestException [3 s]
  Error Message:
   Assert.Contains() Failure: Sub-string not found
String:    "Failed to acquire AppAccessToken after 2 "···
Not found: "Network error"
  Stack Trace:
     at Mud.Feishu.Abstractions.Tests.Authentication.TokenManager.AppTokenManagerTests.GetTokenAsync_ShouldThrowFeishuException_WhenHttpRequestException() in d:\Repos\MudFeishu\Tests\Mud.Feishu.Abstractions.Tests\Authentication\TokenManager\AppTokenManagerTests.cs:line 195
--- End of stack trace from previous location ---

Failed!  - Failed:    17, Passed:    87, Skipped:     0, Total:   104, Duration: 6 s - Mud.Feishu.Abstractions.Tests.dll (net10.0)

Failed!  - Failed:    17, Passed:    87, Skipped:     0, Total:   104, Duration: 6 s - Mud.Feishu.Abstractions.Tests.dll (net8.0)

Failed!  - Failed:    17, Passed:    87, Skipped:     0, Total:   104, Duration: 6 s - Mud.Feishu.Abstractions.Tests.dll (net6.0)
